C:/nxp/GUI-Guider-Projects/RT700_watch466/sdk/Core/CMSIS/m-profile/armv8m_mpu.h:199:22:ARM_MPU_Enable	16	static
C:/nxp/GUI-Guider-Projects/RT700_watch466/sdk/Core/CMSIS/m-profile/armv8m_mpu.h:212:22:ARM_MPU_Disable	4	static
C:/nxp/GUI-Guider-Projects/RT700_watch466/sdk/Core/CMSIS/m-profile/armv8m_mpu.h:257:22:ARM_MPU_SetMemAttrEx	32	static
C:/nxp/GUI-Guider-Projects/RT700_watch466/sdk/Core/CMSIS/m-profile/armv8m_mpu.h:274:22:ARM_MPU_SetMemAttr	16	static
C:/nxp/GUI-Guider-Projects/RT700_watch466/sdk/Core/CMSIS/m-profile/armv8m_mpu.h:324:22:ARM_MPU_SetRegionEx	24	static
C:/nxp/GUI-Guider-Projects/RT700_watch466/sdk/Core/CMSIS/m-profile/armv8m_mpu.h:336:22:ARM_MPU_SetRegion	24	static
C:/nxp/GUI-Guider-Projects/RT700_watch466/sdk/Core/drivers/fsl_gpio.h:345:20:GPIO_PinWrite	24	static
C:/nxp/GUI-Guider-Projects/RT700_watch466/sdk/Core/drivers/fsl_gpio.h:427:24:GPIO_PinRead	16	static
C:/nxp/GUI-Guider-Projects/RT700_watch466/sdk/Core/board/board.c:373:6:BOARD_SetXspiClock	24	static
C:/nxp/GUI-Guider-Projects/RT700_watch466/sdk/Core/board/board.c:292:6:BOARD_DeinitXspi	16	static
C:/nxp/GUI-Guider-Projects/RT700_watch466/sdk/Core/board/board.c:321:6:BOARD_InitXspi	24	static
C:/nxp/GUI-Guider-Projects/RT700_watch466/sdk/Core/board/board.c:51:6:BOARD_InitDebugConsole	16	static
C:/nxp/GUI-Guider-Projects/RT700_watch466/sdk/Core/board/board.c:117:6:BOARD_ClockPreConfig	8	static
C:/nxp/GUI-Guider-Projects/RT700_watch466/sdk/Core/board/board.c:138:6:BOARD_ClockHSRunPreConfig	48	static
C:/nxp/GUI-Guider-Projects/RT700_watch466/sdk/Core/board/board.c:163:6:BOARD_ClockPostConfig	8	static
C:/nxp/GUI-Guider-Projects/RT700_watch466/sdk/Core/board/board.c:169:6:BOARD_ClockHSRunPostConfig	8	static
C:/nxp/GUI-Guider-Projects/RT700_watch466/sdk/Core/board/board.c:174:1:BOARD_EnableXspiCache	16	static
C:/nxp/GUI-Guider-Projects/RT700_watch466/sdk/Core/board/board.c:187:1:BOARD_DisableXspiCache	16	static
C:/nxp/GUI-Guider-Projects/RT700_watch466/sdk/Core/board/board.c:201:6:BOARD_ConfigMPU	24	static
C:/nxp/GUI-Guider-Projects/RT700_watch466/sdk/Core/board/board.c:281:1:BOARD_ReConfigXspiAhbBuffer	16	static
C:/nxp/GUI-Guider-Projects/RT700_watch466/sdk/Core/board/board.c:429:6:BOARD_XspiClockSafeConfig	8	static
C:/nxp/GUI-Guider-Projects/RT700_watch466/sdk/Core/board/board.c:443:13:xspi_hyper_ram_get_mcr	48	static
C:/nxp/GUI-Guider-Projects/RT700_watch466/sdk/Core/board/board.c:466:13:xspi_hyper_ram_write_mcr	48	static
C:/nxp/GUI-Guider-Projects/RT700_watch466/sdk/Core/board/board.c:489:6:BOARD_Init16bitsPsRam	376	static
C:/nxp/GUI-Guider-Projects/RT700_watch466/sdk/Core/board/board.c:683:20:i2c_release_bus_delay	8	static
C:/nxp/GUI-Guider-Projects/RT700_watch466/sdk/Core/board/board.c:688:6:BOARD_InitI2c2PinAsGpio	8	static
C:/nxp/GUI-Guider-Projects/RT700_watch466/sdk/Core/board/board.c:701:6:BOARD_RestoreI2c2PinMux	4	static
C:/nxp/GUI-Guider-Projects/RT700_watch466/sdk/Core/board/board.c:707:6:BOARD_I2c2RecoverBus	16	static
C:/nxp/GUI-Guider-Projects/RT700_watch466/sdk/Core/board/board.c:758:6:GlikeyWriteEnable	16	static
C:/nxp/GUI-Guider-Projects/RT700_watch466/sdk/Core/board/board.c:769:6:GlikeyClearConfig	16	static
C:/nxp/GUI-Guider-Projects/RT700_watch466/sdk/Core/board/board.c:775:6:BOARD_InitAHBSC	8	static
C:/nxp/GUI-Guider-Projects/RT700_watch466/sdk/Core/board/board.c:824:6:BOARD_SetDeepSleepPinConfig	16	static
C:/nxp/GUI-Guider-Projects/RT700_watch466/sdk/Core/board/board.c:844:6:BOARD_RestoreDeepSleepPinConfig	16	static
C:/nxp/GUI-Guider-Projects/RT700_watch466/sdk/Core/board/board.c:903:6:BOARD_I2C_Init	48	static
C:/nxp/GUI-Guider-Projects/RT700_watch466/sdk/Core/board/board.c:912:10:BOARD_I2C_Send	48	static
C:/nxp/GUI-Guider-Projects/RT700_watch466/sdk/Core/board/board.c:933:10:BOARD_I2C_Receive	48	static
C:/nxp/GUI-Guider-Projects/RT700_watch466/sdk/Core/board/board.c:954:6:BOARD_PMIC_I2C_Init	8	static
C:/nxp/GUI-Guider-Projects/RT700_watch466/sdk/Core/board/board.c:959:6:BOARD_PMIC_I2C_Deinit	8	static
C:/nxp/GUI-Guider-Projects/RT700_watch466/sdk/Core/board/board.c:964:10:BOARD_PMIC_I2C_Send	32	static
C:/nxp/GUI-Guider-Projects/RT700_watch466/sdk/Core/board/board.c:971:10:BOARD_PMIC_I2C_Receive	32	static
C:/nxp/GUI-Guider-Projects/RT700_watch466/sdk/Core/board/board.c:978:6:BOARD_MIPIPanelTouch_I2C_Init	8	static
C:/nxp/GUI-Guider-Projects/RT700_watch466/sdk/Core/board/board.c:986:10:BOARD_MIPIPanelTouch_I2C_Send	32	static
C:/nxp/GUI-Guider-Projects/RT700_watch466/sdk/Core/board/board.c:993:10:BOARD_MIPIPanelTouch_I2C_Receive	32	static
