C:/nxp/GUI-Guider-Projects/RT700_watch466/sdk/Core/drivers/fsl_edma_soc.c:38:17:EDMA_GetInstance	24	static
C:/nxp/GUI-Guider-Projects/RT700_watch466/sdk/Core/drivers/fsl_edma_soc.c:56:6:EDMA_EnableRequest	24	static
C:/nxp/GUI-Guider-Projects/RT700_watch466/sdk/Core/drivers/fsl_edma_soc.c:65:6:EDMA_DisableRequest	24	static
C:/nxp/GUI-Guider-Projects/RT700_watch466/sdk/Core/drivers/fsl_edma_soc.c:80:6:EDMA0_CH0_DriverIRQHandler	8	static
C:/nxp/GUI-Guider-Projects/RT700_watch466/sdk/Core/drivers/fsl_edma_soc.c:91:6:EDMA0_CH1_DriverIRQHandler	8	static
C:/nxp/GUI-Guider-Projects/RT700_watch466/sdk/Core/drivers/fsl_edma_soc.c:102:6:EDMA0_CH2_DriverIRQHandler	8	static
C:/nxp/GUI-Guider-Projects/RT700_watch466/sdk/Core/drivers/fsl_edma_soc.c:113:6:EDMA0_CH3_DriverIRQHandler	8	static
C:/nxp/GUI-Guider-Projects/RT700_watch466/sdk/Core/drivers/fsl_edma_soc.c:124:6:EDMA0_CH4_DriverIRQHandler	8	static
C:/nxp/GUI-Guider-Projects/RT700_watch466/sdk/Core/drivers/fsl_edma_soc.c:135:6:EDMA0_CH5_DriverIRQHandler	8	static
C:/nxp/GUI-Guider-Projects/RT700_watch466/sdk/Core/drivers/fsl_edma_soc.c:146:6:EDMA0_CH6_DriverIRQHandler	8	static
C:/nxp/GUI-Guider-Projects/RT700_watch466/sdk/Core/drivers/fsl_edma_soc.c:157:6:EDMA0_CH7_DriverIRQHandler	8	static
C:/nxp/GUI-Guider-Projects/RT700_watch466/sdk/Core/drivers/fsl_edma_soc.c:168:6:EDMA0_CH8_DriverIRQHandler	8	static
C:/nxp/GUI-Guider-Projects/RT700_watch466/sdk/Core/drivers/fsl_edma_soc.c:179:6:EDMA0_CH9_DriverIRQHandler	8	static
C:/nxp/GUI-Guider-Projects/RT700_watch466/sdk/Core/drivers/fsl_edma_soc.c:190:6:EDMA0_CH10_DriverIRQHandler	8	static
C:/nxp/GUI-Guider-Projects/RT700_watch466/sdk/Core/drivers/fsl_edma_soc.c:201:6:EDMA0_CH11_DriverIRQHandler	8	static
C:/nxp/GUI-Guider-Projects/RT700_watch466/sdk/Core/drivers/fsl_edma_soc.c:212:6:EDMA0_CH12_DriverIRQHandler	8	static
C:/nxp/GUI-Guider-Projects/RT700_watch466/sdk/Core/drivers/fsl_edma_soc.c:223:6:EDMA0_CH13_DriverIRQHandler	8	static
C:/nxp/GUI-Guider-Projects/RT700_watch466/sdk/Core/drivers/fsl_edma_soc.c:234:6:EDMA0_CH14_DriverIRQHandler	8	static
C:/nxp/GUI-Guider-Projects/RT700_watch466/sdk/Core/drivers/fsl_edma_soc.c:245:6:EDMA0_CH15_DriverIRQHandler	8	static
C:/nxp/GUI-Guider-Projects/RT700_watch466/sdk/Core/drivers/fsl_edma_soc.c:257:6:EDMA1_CH0_DriverIRQHandler	8	static
C:/nxp/GUI-Guider-Projects/RT700_watch466/sdk/Core/drivers/fsl_edma_soc.c:268:6:EDMA1_CH1_DriverIRQHandler	8	static
C:/nxp/GUI-Guider-Projects/RT700_watch466/sdk/Core/drivers/fsl_edma_soc.c:279:6:EDMA1_CH2_DriverIRQHandler	8	static
C:/nxp/GUI-Guider-Projects/RT700_watch466/sdk/Core/drivers/fsl_edma_soc.c:290:6:EDMA1_CH3_DriverIRQHandler	8	static
C:/nxp/GUI-Guider-Projects/RT700_watch466/sdk/Core/drivers/fsl_edma_soc.c:301:6:EDMA1_CH4_DriverIRQHandler	8	static
C:/nxp/GUI-Guider-Projects/RT700_watch466/sdk/Core/drivers/fsl_edma_soc.c:312:6:EDMA1_CH5_DriverIRQHandler	8	static
C:/nxp/GUI-Guider-Projects/RT700_watch466/sdk/Core/drivers/fsl_edma_soc.c:323:6:EDMA1_CH6_DriverIRQHandler	8	static
C:/nxp/GUI-Guider-Projects/RT700_watch466/sdk/Core/drivers/fsl_edma_soc.c:334:6:EDMA1_CH7_DriverIRQHandler	8	static
C:/nxp/GUI-Guider-Projects/RT700_watch466/sdk/Core/drivers/fsl_edma_soc.c:345:6:EDMA1_CH8_DriverIRQHandler	8	static
C:/nxp/GUI-Guider-Projects/RT700_watch466/sdk/Core/drivers/fsl_edma_soc.c:356:6:EDMA1_CH9_DriverIRQHandler	8	static
C:/nxp/GUI-Guider-Projects/RT700_watch466/sdk/Core/drivers/fsl_edma_soc.c:367:6:EDMA1_CH10_DriverIRQHandler	8	static
C:/nxp/GUI-Guider-Projects/RT700_watch466/sdk/Core/drivers/fsl_edma_soc.c:378:6:EDMA1_CH11_DriverIRQHandler	8	static
C:/nxp/GUI-Guider-Projects/RT700_watch466/sdk/Core/drivers/fsl_edma_soc.c:389:6:EDMA1_CH12_DriverIRQHandler	8	static
C:/nxp/GUI-Guider-Projects/RT700_watch466/sdk/Core/drivers/fsl_edma_soc.c:400:6:EDMA1_CH13_DriverIRQHandler	8	static
C:/nxp/GUI-Guider-Projects/RT700_watch466/sdk/Core/drivers/fsl_edma_soc.c:411:6:EDMA1_CH14_DriverIRQHandler	8	static
C:/nxp/GUI-Guider-Projects/RT700_watch466/sdk/Core/drivers/fsl_edma_soc.c:422:6:EDMA1_CH15_DriverIRQHandler	8	static
