C:/nxp/GUI-Guider-Projects/RT700_watch466/sdk/Core/CMSIS/core_cm33.h:2358:22:__NVIC_EnableIRQ	16	static
C:/nxp/GUI-Guider-Projects/RT700_watch466/sdk/Core/CMSIS/core_cm33.h:2449:22:__NVIC_ClearPendingIRQ	16	static
C:/nxp/GUI-Guider-Projects/RT700_watch466/sdk/Core/drivers/fsl_reset.h:465:20:RESET_ReleasePeripheralReset	16	static
C:/nxp/GUI-Guider-Projects/RT700_watch466/sdk/Core/drivers/fsl_common_arm.h:678:24:EnableIRQ	24	static
C:/nxp/GUI-Guider-Projects/RT700_watch466/sdk/Core/drivers/fsl_flexio.h:428:20:FLEXIO_Enable	16	static
C:/nxp/GUI-Guider-Projects/RT700_watch466/sdk/Core/drivers/fsl_flexio.h:808:20:FLEXIO_ClearPortOutput	16	static
C:/nxp/GUI-Guider-Projects/RT700_watch466/sdk/Core/drivers/fsl_flexio.h:819:20:FLEXIO_SetPortOutput	16	static
C:/nxp/GUI-Guider-Projects/RT700_watch466/sdk/Core/drivers/fsl_flexio.h:844:20:FLEXIO_PinWrite	24	static
C:/nxp/GUI-Guider-Projects/RT700_watch466/sdk/Core/drivers/fsl_flexio.h:862:20:FLEXIO_EnablePinOutput	16	static
C:/nxp/GUI-Guider-Projects/RT700_watch466/sdk/Core/drivers/fsl_flexio.c:66:10:FLEXIO_GetInstance	24	static
C:/nxp/GUI-Guider-Projects/RT700_watch466/sdk/Core/drivers/fsl_flexio.c:102:6:FLEXIO_Init	24	static
C:/nxp/GUI-Guider-Projects/RT700_watch466/sdk/Core/drivers/fsl_flexio.c:141:6:FLEXIO_Deinit	16	static
C:/nxp/GUI-Guider-Projects/RT700_watch466/sdk/Core/drivers/fsl_flexio.c:161:6:FLEXIO_GetDefaultConfig	16	static
C:/nxp/GUI-Guider-Projects/RT700_watch466/sdk/Core/drivers/fsl_flexio.c:181:6:FLEXIO_Reset	16	static
C:/nxp/GUI-Guider-Projects/RT700_watch466/sdk/Core/drivers/fsl_flexio.c:196:10:FLEXIO_GetShifterBufferAddress	24	static
C:/nxp/GUI-Guider-Projects/RT700_watch466/sdk/Core/drivers/fsl_flexio.c:270:6:FLEXIO_SetShifterConfig	24	static
C:/nxp/GUI-Guider-Projects/RT700_watch466/sdk/Core/drivers/fsl_flexio.c:315:6:FLEXIO_SetTimerConfig	24	static
C:/nxp/GUI-Guider-Projects/RT700_watch466/sdk/Core/drivers/fsl_flexio.c:341:10:FLEXIO_RegisterHandleIRQ	32	static
C:/nxp/GUI-Guider-Projects/RT700_watch466/sdk/Core/drivers/fsl_flexio.c:379:10:FLEXIO_UnregisterHandleIRQ	24	static
C:/nxp/GUI-Guider-Projects/RT700_watch466/sdk/Core/drivers/fsl_flexio.c:408:13:FLEXIO_CommonIRQHandler	16	static
C:/nxp/GUI-Guider-Projects/RT700_watch466/sdk/Core/drivers/fsl_flexio.c:450:6:FLEXIO_SetPinConfig	32	static
C:/nxp/GUI-Guider-Projects/RT700_watch466/sdk/Core/drivers/fsl_flexio.c:490:6:FLEXIO_DriverIRQHandler	8	static
C:/nxp/GUI-Guider-Projects/RT700_watch466/sdk/Core/drivers/fsl_flexio.c:496:6:FLEXIO0_DriverIRQHandler	8	static
C:/nxp/GUI-Guider-Projects/RT700_watch466/sdk/Core/drivers/fsl_flexio.c:502:6:FLEXIO1_DriverIRQHandler	8	static
C:/nxp/GUI-Guider-Projects/RT700_watch466/sdk/Core/drivers/fsl_flexio.c:508:6:UART2_FLEXIO_DriverIRQHandler	8	static
C:/nxp/GUI-Guider-Projects/RT700_watch466/sdk/Core/drivers/fsl_flexio.c:514:6:FLEXIO2_DriverIRQHandler	8	static
C:/nxp/GUI-Guider-Projects/RT700_watch466/sdk/Core/drivers/fsl_flexio.c:520:6:FLEXIO3_DriverIRQHandler	8	static
