C:/nxp/GUI-Guider-Projects/RT700_watch466/sdk/Core/CMSIS/core_cm33.h:2358:22:__NVIC_EnableIRQ	16	static
C:/nxp/GUI-Guider-Projects/RT700_watch466/sdk/Core/drivers/fsl_reset.h:465:20:RESET_ReleasePeripheralReset	16	static
C:/nxp/GUI-Guider-Projects/RT700_watch466/sdk/Core/drivers/fsl_common_arm.h:678:24:EnableIRQ	24	static
C:/nxp/GUI-Guider-Projects/RT700_watch466/sdk/Core/drivers/fsl_xspi.h:1119:20:XSPI_EnableModule	16	static
C:/nxp/GUI-Guider-Projects/RT700_watch466/sdk/Core/drivers/fsl_xspi.h:1139:20:XSPI_CheckModuleEnabled	16	static
C:/nxp/GUI-Guider-Projects/RT700_watch466/sdk/Core/drivers/fsl_xspi.h:1158:20:XSPI_ResetTgQueue	16	static
C:/nxp/GUI-Guider-Projects/RT700_watch466/sdk/Core/drivers/fsl_xspi.h:1168:20:XSPI_SoftwareReset	16	static
C:/nxp/GUI-Guider-Projects/RT700_watch466/sdk/Core/drivers/fsl_xspi.h:1182:20:XSPI_CheckGlobalConfigLocked	16	static
C:/nxp/GUI-Guider-Projects/RT700_watch466/sdk/Core/drivers/fsl_xspi.h:1226:20:XSPI_EnableVariableLatency	16	static
C:/nxp/GUI-Guider-Projects/RT700_watch466/sdk/Core/drivers/fsl_xspi.h:1248:20:XSPI_EnableDozeMode	16	static
C:/nxp/GUI-Guider-Projects/RT700_watch466/sdk/Core/drivers/fsl_xspi.h:1415:20:XSPI_EnableInterrupts	24	static
C:/nxp/GUI-Guider-Projects/RT700_watch466/sdk/Core/drivers/fsl_xspi.h:1427:20:XSPI_DisableInterrupts	24	static
C:/nxp/GUI-Guider-Projects/RT700_watch466/sdk/Core/drivers/fsl_xspi.h:1512:24:XSPI_GetErrorStatusFlags	16	static
C:/nxp/GUI-Guider-Projects/RT700_watch466/sdk/Core/drivers/fsl_xspi.h:1523:20:XSPI_ClearErrorStatusFlags	16	static
C:/nxp/GUI-Guider-Projects/RT700_watch466/sdk/Core/drivers/fsl_xspi.h:1551:20:XSPI_CheckIpRequestGranted	16	static
C:/nxp/GUI-Guider-Projects/RT700_watch466/sdk/Core/drivers/fsl_xspi.h:1563:20:XSPI_GetBusIdleStatus	16	static
C:/nxp/GUI-Guider-Projects/RT700_watch466/sdk/Core/drivers/fsl_xspi.h:1576:20:XSPI_CheckAhbReadAccessAsserted	16	static
C:/nxp/GUI-Guider-Projects/RT700_watch466/sdk/Core/drivers/fsl_xspi.h:1589:20:XSPI_CheckAhbWriteAccessAsserted	16	static
C:/nxp/GUI-Guider-Projects/RT700_watch466/sdk/Core/drivers/fsl_xspi.h:1602:24:XSPI_GetCmdExecutionArbitrationStatusFlags	16	static
C:/nxp/GUI-Guider-Projects/RT700_watch466/sdk/Core/drivers/fsl_xspi.h:1613:20:XSPI_ClearCmdExecutionArbitrationStatusFlags	16	static
C:/nxp/GUI-Guider-Projects/RT700_watch466/sdk/Core/drivers/fsl_xspi.h:1648:20:XSPI_ClearTxBuffer	24	static
C:/nxp/GUI-Guider-Projects/RT700_watch466/sdk/Core/drivers/fsl_xspi.h:1679:20:XSPI_CheckTxBuffLockOpen	16	static
C:/nxp/GUI-Guider-Projects/RT700_watch466/sdk/Core/drivers/fsl_xspi.h:1700:20:XSPI_ClearRxBuffer	24	static
C:/nxp/GUI-Guider-Projects/RT700_watch466/sdk/Core/drivers/fsl_xspi.h:1730:20:XSPI_TriggerRxBufferPopEvent	16	static
C:/nxp/GUI-Guider-Projects/RT700_watch466/sdk/Core/drivers/fsl_xspi.h:1777:24:XSPI_GetRxBufferAvailableBytesCount	16	static
C:/nxp/GUI-Guider-Projects/RT700_watch466/sdk/Core/drivers/fsl_xspi.h:1789:24:XSPI_GetRxBufferRemovedBytesCount	16	static
C:/nxp/GUI-Guider-Projects/RT700_watch466/sdk/Core/drivers/fsl_xspi.h:1893:20:XSPI_CheckIPAccessAsserted	16	static
C:/nxp/GUI-Guider-Projects/RT700_watch466/sdk/Core/drivers/fsl_xspi.h:1903:20:XSPI_ClearIPAccessSeqPointer	16	static
C:/nxp/GUI-Guider-Projects/RT700_watch466/sdk/Core/drivers/fsl_xspi.h:1974:20:XSPI_CheckFSMValid	16	static
C:/nxp/GUI-Guider-Projects/RT700_watch466/sdk/Core/drivers/fsl_xspi.h:2148:20:XSPI_ClearAhbBuffer	16	static
C:/nxp/GUI-Guider-Projects/RT700_watch466/sdk/Core/drivers/fsl_xspi.h:2466:20:XSPI_EnableAhbReadPrefetch	16	static
C:/nxp/GUI-Guider-Projects/RT700_watch466/sdk/Core/drivers/fsl_xspi.c:180:16:XSPI_GetPPWBFromPageSize	24	static
C:/nxp/GUI-Guider-Projects/RT700_watch466/sdk/Core/drivers/fsl_xspi.c:231:17:XSPI_StartIpReadNonBlocking	56	static
C:/nxp/GUI-Guider-Projects/RT700_watch466/sdk/Core/drivers/fsl_xspi.c:294:17:XSPI_StartIpWriteNonBlocking	56	static
C:/nxp/GUI-Guider-Projects/RT700_watch466/sdk/Core/drivers/fsl_xspi.c:339:10:XSPI_GetInstance	24	static
C:/nxp/GUI-Guider-Projects/RT700_watch466/sdk/Core/drivers/fsl_xspi.c:363:10:XSPI_CheckAndClearError	24	static
C:/nxp/GUI-Guider-Projects/RT700_watch466/sdk/Core/drivers/fsl_xspi.c:437:6:XSPI_Init	24	static
C:/nxp/GUI-Guider-Projects/RT700_watch466/sdk/Core/drivers/fsl_xspi.c:492:6:XSPI_GetDefaultConfig	24	static
C:/nxp/GUI-Guider-Projects/RT700_watch466/sdk/Core/drivers/fsl_xspi.c:548:6:XSPI_Deinit	16	static
C:/nxp/GUI-Guider-Projects/RT700_watch466/sdk/Core/drivers/fsl_xspi.c:564:6:XSPI_UpdateLUT	32	static
C:/nxp/GUI-Guider-Projects/RT700_watch466/sdk/Core/drivers/fsl_xspi.c:601:6:XSPI_ResetSfmAndAhbDomain	24	static
C:/nxp/GUI-Guider-Projects/RT700_watch466/sdk/Core/drivers/fsl_xspi.c:631:6:XSPI_SetHyperBusX16Mode	24	static
C:/nxp/GUI-Guider-Projects/RT700_watch466/sdk/Core/drivers/fsl_xspi.c:658:6:XSPI_UpdateDllValue	56	static
C:/nxp/GUI-Guider-Projects/RT700_watch466/sdk/Core/drivers/fsl_xspi.c:772:10:XSPI_SetDataLearningConfig	16	static
C:/nxp/GUI-Guider-Projects/RT700_watch466/sdk/Core/drivers/fsl_xspi.c:811:10:XSPI_UpdateDeviceAddrMode	16	static
C:/nxp/GUI-Guider-Projects/RT700_watch466/sdk/Core/drivers/fsl_xspi.c:856:10:XSPI_SetDeviceConfig	40	static
C:/nxp/GUI-Guider-Projects/RT700_watch466/sdk/Core/drivers/fsl_xspi.c:1020:10:XSPI_UpdateRxBufferWaterMark	16	static
C:/nxp/GUI-Guider-Projects/RT700_watch466/sdk/Core/drivers/fsl_xspi.c:1051:10:XSPI_UpdateTxBufferWaterMark	16	static
C:/nxp/GUI-Guider-Projects/RT700_watch466/sdk/Core/drivers/fsl_xspi.c:1076:6:XSPI_SetSFPFradEALMode	64	static
C:/nxp/GUI-Guider-Projects/RT700_watch466/sdk/Core/drivers/fsl_xspi.c:1113:6:XSPI_UpdateSFPConfig	184	static
C:/nxp/GUI-Guider-Projects/RT700_watch466/sdk/Core/drivers/fsl_xspi.c:1204:6:XSPI_GetFradLastTransactionsInfo	104	static
C:/nxp/GUI-Guider-Projects/RT700_watch466/sdk/Core/drivers/fsl_xspi.c:1232:10:XSPI_UpdateSFPArbitrationLockTimeoutCounter	16	static
C:/nxp/GUI-Guider-Projects/RT700_watch466/sdk/Core/drivers/fsl_xspi.c:1258:10:XSPI_UpdateIPAccessTimeoutCounter	16	static
C:/nxp/GUI-Guider-Projects/RT700_watch466/sdk/Core/drivers/fsl_xspi.c:1278:26:XSPI_GetMdadErrorReason	24	static
C:/nxp/GUI-Guider-Projects/RT700_watch466/sdk/Core/drivers/fsl_xspi.c:1301:6:XSPI_ClearTgAddrWriteStatus	24	static
C:/nxp/GUI-Guider-Projects/RT700_watch466/sdk/Core/drivers/fsl_xspi.c:1316:6:XSPI_GetTgAddrWriteStatus	32	static
C:/nxp/GUI-Guider-Projects/RT700_watch466/sdk/Core/drivers/fsl_xspi.c:1332:6:XSPI_UnlockIpAccessArbitration	32	static
C:/nxp/GUI-Guider-Projects/RT700_watch466/sdk/Core/drivers/fsl_xspi.c:1354:10:XSPI_StartIpAccess	56	static
C:/nxp/GUI-Guider-Projects/RT700_watch466/sdk/Core/drivers/fsl_xspi.c:1429:10:XSPI_StartIpAccessNonBlocking	48	static
C:/nxp/GUI-Guider-Projects/RT700_watch466/sdk/Core/drivers/fsl_xspi.c:1507:10:XSPI_SetIpAccessConfig	24	static
C:/nxp/GUI-Guider-Projects/RT700_watch466/sdk/Core/drivers/fsl_xspi.c:1536:10:XSPI_WriteBlocking	40	static
C:/nxp/GUI-Guider-Projects/RT700_watch466/sdk/Core/drivers/fsl_xspi.c:1611:10:XSPI_ReadBlocking	56	static
C:/nxp/GUI-Guider-Projects/RT700_watch466/sdk/Core/drivers/fsl_xspi.c:1722:10:XSPI_TransferBlocking	48	static
C:/nxp/GUI-Guider-Projects/RT700_watch466/sdk/Core/drivers/fsl_xspi.c:1865:6:XSPI_TransferCreateHandle	32	static
C:/nxp/GUI-Guider-Projects/RT700_watch466/sdk/Core/drivers/fsl_xspi.c:1905:10:XSPI_TransferNonBlocking	40	static
C:/nxp/GUI-Guider-Projects/RT700_watch466/sdk/Core/drivers/fsl_xspi.c:1967:10:XSPI_TransferGetCount	32	static
C:/nxp/GUI-Guider-Projects/RT700_watch466/sdk/Core/drivers/fsl_xspi.c:1994:6:XSPI_TransferAbort	16	static
C:/nxp/GUI-Guider-Projects/RT700_watch466/sdk/Core/drivers/fsl_xspi.c:2032:10:XSPI_SetAhbAccessBoundary	16	static
C:/nxp/GUI-Guider-Projects/RT700_watch466/sdk/Core/drivers/fsl_xspi.c:2066:10:XSPI_SetAhbReadDataSeqId	16	static
C:/nxp/GUI-Guider-Projects/RT700_watch466/sdk/Core/drivers/fsl_xspi.c:2098:10:XSPI_SetAhbWriteDataSeqId	16	static
C:/nxp/GUI-Guider-Projects/RT700_watch466/sdk/Core/drivers/fsl_xspi.c:2132:10:XSPI_SetAhbBufferConfig	64	static
C:/nxp/GUI-Guider-Projects/RT700_watch466/sdk/Core/drivers/fsl_xspi.c:2245:10:XSPI_SetAhbAccessSplitSize	16	static
C:/nxp/GUI-Guider-Projects/RT700_watch466/sdk/Core/drivers/fsl_xspi.c:2288:10:XSPI_UpdateAhbHreadyTimeOutValue	16	static
C:/nxp/GUI-Guider-Projects/RT700_watch466/sdk/Core/drivers/fsl_xspi.c:2320:10:XSPI_SetAhbErrorPayload	24	static
C:/nxp/GUI-Guider-Projects/RT700_watch466/sdk/Core/drivers/fsl_xspi.c:2345:28:XSPI_ReturnAhbReadErrorInfo	24	static
C:/nxp/GUI-Guider-Projects/RT700_watch466/sdk/Core/drivers/fsl_xspi.c:2362:6:XSPI_GetAhbRequestSuspendInfo	24	static
C:/nxp/GUI-Guider-Projects/RT700_watch466/sdk/Core/drivers/fsl_xspi.c:2398:10:XSPI_EnableAhbBufferWriteFlush	16	static
C:/nxp/GUI-Guider-Projects/RT700_watch466/sdk/Core/drivers/fsl_xspi.c:2458:10:XSPI_BlockAccessAfterAhbWrite	24	static
C:/nxp/GUI-Guider-Projects/RT700_watch466/sdk/Core/drivers/fsl_xspi.c:2494:10:XSPI_SelectPPWFlagClearPolicy	16	static
C:/nxp/GUI-Guider-Projects/RT700_watch466/sdk/Core/drivers/fsl_xspi.c:2534:10:XSPI_UpdatePageWaitTimeCounter	16	static
C:/nxp/GUI-Guider-Projects/RT700_watch466/sdk/Core/drivers/fsl_xspi.c:2569:10:XSPI_SetAhbReadStatusRegSeqId	16	static
C:/nxp/GUI-Guider-Projects/RT700_watch466/sdk/Core/drivers/fsl_xspi.c:2602:10:XSPI_SetSFMStatusRegInfo	24	static
C:/nxp/GUI-Guider-Projects/RT700_watch466/sdk/Core/drivers/fsl_xspi.c:2648:10:XSPI_UpdateAhbBufferSize	24	static
C:/nxp/GUI-Guider-Projects/RT700_watch466/sdk/Core/drivers/fsl_xspi.c:2684:30:XSPI_GetAhbSubBufferStatus	32	static
C:/nxp/GUI-Guider-Projects/RT700_watch466/sdk/Core/drivers/fsl_xspi.c:2701:6:XSPI_EnableAhbBufferPerfMonitor	24	static
C:/nxp/GUI-Guider-Projects/RT700_watch466/sdk/Core/drivers/fsl_xspi.c:2728:10:XSPI_SetAhbAccessConfig	24	static
C:/nxp/GUI-Guider-Projects/RT700_watch466/sdk/Core/drivers/fsl_xspi.c:2781:13:XSPI_CommonIRQHandler	72	static
C:/nxp/GUI-Guider-Projects/RT700_watch466/sdk/Core/drivers/fsl_xspi.c:2943:6:XSPI0_DriverIRQHandler	8	static
C:/nxp/GUI-Guider-Projects/RT700_watch466/sdk/Core/drivers/fsl_xspi.c:2952:6:XSPI1_DriverIRQHandler	8	static
C:/nxp/GUI-Guider-Projects/RT700_watch466/sdk/Core/drivers/fsl_xspi.c:2961:6:XSPI2_DriverIRQHandler	8	static
C:/nxp/GUI-Guider-Projects/RT700_watch466/sdk/Core/drivers/fsl_xspi.c:2971:17:XSPI_Cache64_GetInstanceByAddr	40	static
C:/nxp/GUI-Guider-Projects/RT700_watch466/sdk/Core/drivers/fsl_xspi.c:2997:6:XSPI_Cache64_EnableCache	16	static
C:/nxp/GUI-Guider-Projects/RT700_watch466/sdk/Core/drivers/fsl_xspi.c:3015:6:XSPI_Cache64_DisableCache	16	static
C:/nxp/GUI-Guider-Projects/RT700_watch466/sdk/Core/drivers/fsl_xspi.c:3033:6:XSPI_Cache64_InvalidateCache	16	static
C:/nxp/GUI-Guider-Projects/RT700_watch466/sdk/Core/drivers/fsl_xspi.c:3053:6:XSPI_Cache64_InvalidateCacheByRange	64	static
C:/nxp/GUI-Guider-Projects/RT700_watch466/sdk/Core/drivers/fsl_xspi.c:3099:6:XSPI_Cache64_CleanCache	16	static
C:/nxp/GUI-Guider-Projects/RT700_watch466/sdk/Core/drivers/fsl_xspi.c:3119:6:XSPI_Cache64_CleanCacheByRange	64	static
C:/nxp/GUI-Guider-Projects/RT700_watch466/sdk/Core/drivers/fsl_xspi.c:3165:6:XSPI_Cache64_CleanInvalidateCache	16	static
C:/nxp/GUI-Guider-Projects/RT700_watch466/sdk/Core/drivers/fsl_xspi.c:3187:6:XSPI_Cache64_CleanInvalidateByRange	64	static
C:/nxp/GUI-Guider-Projects/RT700_watch466/sdk/Core/drivers/fsl_xspi.c:3235:10:XSPI_Cache64_ReadCache	32	static
C:/nxp/GUI-Guider-Projects/RT700_watch466/sdk/Core/drivers/fsl_xspi.c:3253:17:XSPI_Cache64_GetPolselInstance	32	static
C:/nxp/GUI-Guider-Projects/RT700_watch466/sdk/Core/drivers/fsl_xspi.c:3277:6:XSPI_Cache64_SetRegionConfig	24	static
