C:/nxp/GUI-Guider-Projects/RT700_watch466/sdk/Core/CMSIS/core_cm33.h:2358:22:__NVIC_EnableIRQ	16	static
C:/nxp/GUI-Guider-Projects/RT700_watch466/sdk/Core/CMSIS/core_cm33.h:2396:22:__NVIC_DisableIRQ	16	static
C:/nxp/GUI-Guider-Projects/RT700_watch466/sdk/Core/drivers/fsl_common_arm.h:678:24:EnableIRQ	24	static
C:/nxp/GUI-Guider-Projects/RT700_watch466/sdk/Core/drivers/fsl_common_arm.h:728:24:DisableIRQ	24	static
C:/nxp/GUI-Guider-Projects/RT700_watch466/sdk/Core/drivers/fsl_power.c:163:6:POWER_EnablePD	16	static
C:/nxp/GUI-Guider-Projects/RT700_watch466/sdk/Core/drivers/fsl_power.c:183:6:POWER_DisablePD	16	static
C:/nxp/GUI-Guider-Projects/RT700_watch466/sdk/Core/drivers/fsl_power.c:198:10:POWER_ModuleEnterLPRequest	24	static
C:/nxp/GUI-Guider-Projects/RT700_watch466/sdk/Core/drivers/fsl_power.c:218:6:POWER_ModuleExitLPRequest	16	static
C:/nxp/GUI-Guider-Projects/RT700_watch466/sdk/Core/drivers/fsl_power.c:227:6:POWER_ApplyPD	4	static
C:/nxp/GUI-Guider-Projects/RT700_watch466/sdk/Core/drivers/fsl_power.c:240:6:POWER_SetPmicMode	16	static
C:/nxp/GUI-Guider-Projects/RT700_watch466/sdk/Core/drivers/fsl_power.c:250:10:POWER_GetPmicMode	24	static
C:/nxp/GUI-Guider-Projects/RT700_watch466/sdk/Core/drivers/fsl_power.c:261:6:POWER_ClearEventFlags	16	static
C:/nxp/GUI-Guider-Projects/RT700_watch466/sdk/Core/drivers/fsl_power.c:270:10:POWER_GetEventFlags	4	static
C:/nxp/GUI-Guider-Projects/RT700_watch466/sdk/Core/drivers/fsl_power.c:279:6:POWER_EnableResets	16	static
C:/nxp/GUI-Guider-Projects/RT700_watch466/sdk/Core/drivers/fsl_power.c:288:6:POWER_DisableResets	16	static
C:/nxp/GUI-Guider-Projects/RT700_watch466/sdk/Core/drivers/fsl_power.c:297:6:POWER_EnableInterrupts	16	static
C:/nxp/GUI-Guider-Projects/RT700_watch466/sdk/Core/drivers/fsl_power.c:302:6:POWER_EnableDMAHWWake	16	static
C:/nxp/GUI-Guider-Projects/RT700_watch466/sdk/Core/drivers/fsl_power.c:307:6:POWER_DisableDMAHWWake	16	static
C:/nxp/GUI-Guider-Projects/RT700_watch466/sdk/Core/drivers/fsl_power.c:316:6:POWER_DisableInterrupts	16	static
C:/nxp/GUI-Guider-Projects/RT700_watch466/sdk/Core/drivers/fsl_power.c:321:6:EnableDeepSleepIRQ	24	static
C:/nxp/GUI-Guider-Projects/RT700_watch466/sdk/Core/drivers/fsl_power.c:356:6:DisableDeepSleepIRQ	24	static
C:/nxp/GUI-Guider-Projects/RT700_watch466/sdk/Core/drivers/fsl_power.c:392:6:POWER_EnableLPRequestMask	16	static
C:/nxp/GUI-Guider-Projects/RT700_watch466/sdk/Core/drivers/fsl_power.c:397:6:POWER_DisableLPRequestMask	16	static
C:/nxp/GUI-Guider-Projects/RT700_watch466/sdk/Core/drivers/fsl_power.c:402:6:POWER_EnterSleep	24	static
C:/nxp/GUI-Guider-Projects/RT700_watch466/sdk/Core/drivers/fsl_power.c:412:6:POWER_EnableAutoWake	16	static
C:/nxp/GUI-Guider-Projects/RT700_watch466/sdk/Core/drivers/fsl_power.c:419:6:POWER_EnableRunAFBB	16	static
C:/nxp/GUI-Guider-Projects/RT700_watch466/sdk/Core/drivers/fsl_power.c:426:6:POWER_EnableRunRBB	16	static
C:/nxp/GUI-Guider-Projects/RT700_watch466/sdk/Core/drivers/fsl_power.c:432:6:POWER_EnableSleepRBB	16	static
C:/nxp/GUI-Guider-Projects/RT700_watch466/sdk/Core/drivers/fsl_power.c:439:6:POWER_EnableRunNBB	16	static
C:/nxp/GUI-Guider-Projects/RT700_watch466/sdk/Core/drivers/fsl_power.c:445:6:POWER_EnableSleepNBB	16	static
C:/nxp/GUI-Guider-Projects/RT700_watch466/sdk/Core/drivers/fsl_power.c:451:17:POWER_CalRegValueFromVolt	32	static
C:/nxp/GUI-Guider-Projects/RT700_watch466/sdk/Core/drivers/fsl_power.c:470:10:POWER_CalcVoltLevel	40	static
C:/nxp/GUI-Guider-Projects/RT700_watch466/sdk/Core/drivers/fsl_power.c:502:13:POWER_SetRegulatorRegister	40	static
C:/nxp/GUI-Guider-Projects/RT700_watch466/sdk/Core/drivers/fsl_power.c:519:10:POWER_ConfigRegulatorSetpointsForFreq	48	static
C:/nxp/GUI-Guider-Projects/RT700_watch466/sdk/Core/drivers/fsl_power.c:569:10:POWER_ConfigRegulatorSetpoints	40	static
C:/nxp/GUI-Guider-Projects/RT700_watch466/sdk/Core/drivers/fsl_power.c:636:10:POWER_ConfigLvdSetpoints	32	static
C:/nxp/GUI-Guider-Projects/RT700_watch466/sdk/Core/drivers/fsl_power.c:685:6:POWER_GetLvdSetpoints	24	static
C:/nxp/GUI-Guider-Projects/RT700_watch466/sdk/Core/drivers/fsl_power.c:714:6:POWER_SelectRunSetpoint	16	static
C:/nxp/GUI-Guider-Projects/RT700_watch466/sdk/Core/drivers/fsl_power.c:736:6:POWER_SelectSleepSetpoint	16	static
C:/nxp/GUI-Guider-Projects/RT700_watch466/sdk/Core/drivers/fsl_power.c:758:6:POWER_SetRunRegulatorMode	16	static
C:/nxp/GUI-Guider-Projects/RT700_watch466/sdk/Core/drivers/fsl_power.c:787:6:POWER_SetSleepRegulatorMode	16	static
C:/nxp/GUI-Guider-Projects/RT700_watch466/sdk/Core/drivers/fsl_power.c:816:6:POWER_ResetIOBank	24	static
C:/nxp/GUI-Guider-Projects/RT700_watch466/sdk/Core/drivers/fsl_power.c:825:6:POWER_IOBankIsolationHold	24	static
C:/nxp/GUI-Guider-Projects/RT700_watch466/sdk/Core/drivers/fsl_power.c:835:6:POWER_IOBankClearIsolationHold	16	static
C:/nxp/GUI-Guider-Projects/RT700_watch466/sdk/Core/drivers/fsl_power.c:841:6:POWER_ConfigRBBVolt	16	static
C:/nxp/GUI-Guider-Projects/RT700_watch466/sdk/Core/drivers/fsl_power.c:847:6:POWER_SetVddnSupplySrc	16	static
C:/nxp/GUI-Guider-Projects/RT700_watch466/sdk/Core/drivers/fsl_power.c:859:6:POWER_SetVdd1SupplySrc	16	static
C:/nxp/GUI-Guider-Projects/RT700_watch466/sdk/Core/drivers/fsl_power.c:868:6:POWER_SetVdd2SupplySrc	16	static
C:/nxp/GUI-Guider-Projects/RT700_watch466/sdk/Core/drivers/fsl_power.c:877:6:POWER_DisableRegulators	16	static
C:/nxp/GUI-Guider-Projects/RT700_watch466/sdk/Core/drivers/fsl_power.c:882:6:POWER_EnableSleepRegulators	16	static
C:/nxp/GUI-Guider-Projects/RT700_watch466/sdk/Core/drivers/fsl_power.c:887:6:POWER_DisableSleepRegulators	16	static
C:/nxp/GUI-Guider-Projects/RT700_watch466/sdk/Core/drivers/fsl_power.c:892:6:POWER_SetPMICModeDelay	16	static
C:/nxp/GUI-Guider-Projects/RT700_watch466/sdk/Core/drivers/fsl_power.c:898:6:POWER_SetPORVoltage	16	static
C:/nxp/GUI-Guider-Projects/RT700_watch466/sdk/Core/drivers/fsl_power.c:905:1:POWER_EnableXspiCache	16	static
C:/nxp/GUI-Guider-Projects/RT700_watch466/sdk/Core/drivers/fsl_power.c:918:1:POWER_DisableXspiCache	16	static
C:/nxp/GUI-Guider-Projects/RT700_watch466/sdk/Core/drivers/fsl_power.c:932:1:deinitXSPI	16	static
C:/nxp/GUI-Guider-Projects/RT700_watch466/sdk/Core/drivers/fsl_power.c:952:1:initXSPI	24	static
C:/nxp/GUI-Guider-Projects/RT700_watch466/sdk/Core/drivers/fsl_power.c:996:1:deinitXip	8	static
C:/nxp/GUI-Guider-Projects/RT700_watch466/sdk/Core/drivers/fsl_power.c:1020:1:initXip	8	static
C:/nxp/GUI-Guider-Projects/RT700_watch466/sdk/Core/drivers/fsl_power.c:1043:1:POWER_DMA_HWWake_LPRequest	16	static
C:/nxp/GUI-Guider-Projects/RT700_watch466/sdk/Core/drivers/fsl_power.c:1092:1:POWER_DMA_HWWake_LPRestore	4	static
C:/nxp/GUI-Guider-Projects/RT700_watch466/sdk/Core/drivers/fsl_power.c:1105:1:POWER_DisableCache	16	static
C:/nxp/GUI-Guider-Projects/RT700_watch466/sdk/Core/drivers/fsl_power.c:1122:1:POWER_EnableCache	16	static
C:/nxp/GUI-Guider-Projects/RT700_watch466/sdk/Core/drivers/fsl_power.c:1142:1:POWER_EnterLowPower_FullConfig	56	static
C:/nxp/GUI-Guider-Projects/RT700_watch466/sdk/Core/drivers/fsl_power.c:1399:1:POWER_EnterDSR	16	static
C:/nxp/GUI-Guider-Projects/RT700_watch466/sdk/Core/drivers/fsl_power.c:1623:1:POWER_EnterDeepSleep	16	static
C:/nxp/GUI-Guider-Projects/RT700_watch466/sdk/Core/drivers/fsl_power.c:1632:1:POWER_RequestDeepPowerDown	16	static
C:/nxp/GUI-Guider-Projects/RT700_watch466/sdk/Core/drivers/fsl_power.c:1637:1:POWER_RequestFullDeepPowerDown	16	static
C:/nxp/GUI-Guider-Projects/RT700_watch466/sdk/Core/drivers/fsl_power.c:1643:6:POWER_EnterPowerMode	16	static
C:/nxp/GUI-Guider-Projects/RT700_watch466/sdk/Core/drivers/fsl_power.c:1674:10:POWER_GetLibVersion	4	static
