C:/nxp/GUI-Guider-Projects/RT700_watch466/sdk/Core/CMSIS/core_cm33.h:2358:22:__NVIC_EnableIRQ	16	static
C:/nxp/GUI-Guider-Projects/RT700_watch466/sdk/Core/drivers/fsl_reset.h:465:20:RESET_ReleasePeripheralReset	16	static
C:/nxp/GUI-Guider-Projects/RT700_watch466/sdk/Core/drivers/fsl_common_arm.h:678:24:EnableIRQ	24	static
C:/nxp/GUI-Guider-Projects/RT700_watch466/sdk/Core/drivers/fsl_mipi_dsi.h:554:20:DSI_EnableInterrupts	24	static
C:/nxp/GUI-Guider-Projects/RT700_watch466/sdk/Core/drivers/fsl_mipi_dsi.h:569:20:DSI_DisableInterrupts	24	static
C:/nxp/GUI-Guider-Projects/RT700_watch466/sdk/Core/drivers/fsl_mipi_dsi.h:582:20:DSI_GetAndClearInterruptStatus	24	static
C:/nxp/GUI-Guider-Projects/RT700_watch466/sdk/Core/drivers/fsl_mipi_dsi.h:714:20:DSI_SendApbPacket	16	static
C:/nxp/GUI-Guider-Projects/RT700_watch466/sdk/Core/drivers/fsl_mipi_dsi.h:787:24:DSI_GetRxPacketHeader	16	static
C:/nxp/GUI-Guider-Projects/RT700_watch466/sdk/Core/drivers/fsl_mipi_dsi.h:800:34:DSI_GetRxPacketType	16	static
C:/nxp/GUI-Guider-Projects/RT700_watch466/sdk/Core/drivers/fsl_mipi_dsi.h:814:24:DSI_GetRxPacketWordCount	16	static
C:/nxp/GUI-Guider-Projects/RT700_watch466/sdk/Core/drivers/fsl_mipi_dsi.c:202:17:DSI_NsToByteClk	16	static
C:/nxp/GUI-Guider-Projects/RT700_watch466/sdk/Core/drivers/fsl_mipi_dsi.c:217:17:DSI_NsUiToByteClk	24	static
C:/nxp/GUI-Guider-Projects/RT700_watch466/sdk/Core/drivers/fsl_mipi_dsi.c:226:17:DSI_GetInstance	24	static
C:/nxp/GUI-Guider-Projects/RT700_watch466/sdk/Core/drivers/fsl_mipi_dsi.c:392:13:DSI_ApbClearRxFifo	24	static
C:/nxp/GUI-Guider-Projects/RT700_watch466/sdk/Core/drivers/fsl_mipi_dsi.c:419:6:DSI_Init	16	static
C:/nxp/GUI-Guider-Projects/RT700_watch466/sdk/Core/drivers/fsl_mipi_dsi.c:476:6:DSI_Deinit	16	static
C:/nxp/GUI-Guider-Projects/RT700_watch466/sdk/Core/drivers/fsl_mipi_dsi.c:504:6:DSI_GetDefaultConfig	16	static
C:/nxp/GUI-Guider-Projects/RT700_watch466/sdk/Core/drivers/fsl_mipi_dsi.c:536:6:DSI_SetDpiConfig	32	static
C:/nxp/GUI-Guider-Projects/RT700_watch466/sdk/Core/drivers/fsl_mipi_dsi.c:615:10:DSI_InitDphy	24	static
C:/nxp/GUI-Guider-Projects/RT700_watch466/sdk/Core/drivers/fsl_mipi_dsi.c:707:6:DSI_DeinitDphy	16	static
C:/nxp/GUI-Guider-Projects/RT700_watch466/sdk/Core/drivers/fsl_mipi_dsi.c:729:6:DSI_GetDphyDefaultConfig	32	static
C:/nxp/GUI-Guider-Projects/RT700_watch466/sdk/Core/drivers/fsl_mipi_dsi.c:834:6:DSI_SetApbPacketControl	24	static
C:/nxp/GUI-Guider-Projects/RT700_watch466/sdk/Core/drivers/fsl_mipi_dsi.c:862:6:DSI_WriteApbTxPayload	32	static
C:/nxp/GUI-Guider-Projects/RT700_watch466/sdk/Core/drivers/fsl_mipi_dsi.c:867:6:DSI_WriteApbTxPayloadExt	40	static
C:/nxp/GUI-Guider-Projects/RT700_watch466/sdk/Core/drivers/fsl_mipi_dsi.c:940:17:DSI_PrepareApbTransfer	48	static
C:/nxp/GUI-Guider-Projects/RT700_watch466/sdk/Core/drivers/fsl_mipi_dsi.c:1041:6:DSI_ReadApbRxPayload	40	static
C:/nxp/GUI-Guider-Projects/RT700_watch466/sdk/Core/drivers/fsl_mipi_dsi.c:1087:10:DSI_TransferBlocking	40	static
C:/nxp/GUI-Guider-Projects/RT700_watch466/sdk/Core/drivers/fsl_mipi_dsi.c:1146:17:DSI_HandleResult	40	static
C:/nxp/GUI-Guider-Projects/RT700_watch466/sdk/Core/drivers/fsl_mipi_dsi.c:1258:10:DSI_TransferCreateHandle	32	static
C:/nxp/GUI-Guider-Projects/RT700_watch466/sdk/Core/drivers/fsl_mipi_dsi.c:1299:10:DSI_TransferNonBlocking	40	static
C:/nxp/GUI-Guider-Projects/RT700_watch466/sdk/Core/drivers/fsl_mipi_dsi.c:1350:6:DSI_TransferAbort	16	static
C:/nxp/GUI-Guider-Projects/RT700_watch466/sdk/Core/drivers/fsl_mipi_dsi.c:1379:6:DSI_TransferHandleIRQ	40	static
C:/nxp/GUI-Guider-Projects/RT700_watch466/sdk/Core/drivers/fsl_mipi_dsi.c:1434:6:MIPI_DriverIRQHandler	8	static
