C:/nxp/GUI-Guider-Projects/RT700_watch466/sdk/Core/drivers/fsl_clock.h:2230:24:CLOCK_GetXtalInClkFreq	4	static
C:/nxp/GUI-Guider-Projects/RT700_watch466/sdk/Core/drivers/fsl_clock.h:2385:24:CLOCK_GetLpOscFreq	4	static
C:/nxp/GUI-Guider-Projects/RT700_watch466/sdk/Core/drivers/fsl_clock.h:2393:24:CLOCK_GetSysOscFreq	4	static
C:/nxp/GUI-Guider-Projects/RT700_watch466/sdk/Core/drivers/fsl_clock.h:2401:24:CLOCK_GetMclkInClkFreq	4	static
C:/nxp/GUI-Guider-Projects/RT700_watch466/sdk/Core/drivers/fsl_clock.c:48:6:CLOCK_EnableClock	24	static
C:/nxp/GUI-Guider-Projects/RT700_watch466/sdk/Core/drivers/fsl_clock.c:197:6:CLOCK_DisableClock	24	static
C:/nxp/GUI-Guider-Projects/RT700_watch466/sdk/Core/drivers/fsl_clock.c:284:6:CLOCK_AttachClk	24	static
C:/nxp/GUI-Guider-Projects/RT700_watch466/sdk/Core/drivers/fsl_clock.c:338:6:CLOCK_SetClkDiv	24	static
C:/nxp/GUI-Guider-Projects/RT700_watch466/sdk/Core/drivers/fsl_clock.c:393:10:CLOCK_GetFreq	24	static
C:/nxp/GUI-Guider-Projects/RT700_watch466/sdk/Core/drivers/fsl_clock.c:572:17:CLOCK_FroGetInstance	24	static
C:/nxp/GUI-Guider-Projects/RT700_watch466/sdk/Core/drivers/fsl_clock.c:591:17:CLOCK_CalFroFreq	112	static
C:/nxp/GUI-Guider-Projects/RT700_watch466/sdk/Core/drivers/fsl_clock.c:637:10:CLOCK_GetFroClkFreq	24	static
C:/nxp/GUI-Guider-Projects/RT700_watch466/sdk/Core/drivers/fsl_clock.c:662:10:CLOCK_GetFroFlags	24	static
C:/nxp/GUI-Guider-Projects/RT700_watch466/sdk/Core/drivers/fsl_clock.c:671:6:CLOCK_EnableFroClkOutput	16	static
C:/nxp/GUI-Guider-Projects/RT700_watch466/sdk/Core/drivers/fsl_clock.c:711:10:CLOCK_EnableFroAutoTuning	80	static
C:/nxp/GUI-Guider-Projects/RT700_watch466/sdk/Core/drivers/fsl_clock.c:790:17:CLOCK_CalFroFreqFromTrimcnt	56	static
C:/nxp/GUI-Guider-Projects/RT700_watch466/sdk/Core/drivers/fsl_clock.c:809:13:CLOCK_CheckFreqWithinRange	144	static
C:/nxp/GUI-Guider-Projects/RT700_watch466/sdk/Core/drivers/fsl_clock.c:827:17:CLOCK_CalFroAutoTuneTimeout	32	static
C:/nxp/GUI-Guider-Projects/RT700_watch466/sdk/Core/drivers/fsl_clock.c:841:10:CLOCK_FroTuneOnce	32	static
C:/nxp/GUI-Guider-Projects/RT700_watch466/sdk/Core/drivers/fsl_clock.c:881:6:CLOCK_FroFineTune	56	static
C:/nxp/GUI-Guider-Projects/RT700_watch466/sdk/Core/drivers/fsl_clock.c:910:6:CLOCK_EnableFroClkFreq	48	static
C:/nxp/GUI-Guider-Projects/RT700_watch466/sdk/Core/drivers/fsl_clock.c:933:6:CLOCK_ConfigFroTrim	16	static
C:/nxp/GUI-Guider-Projects/RT700_watch466/sdk/Core/drivers/fsl_clock.c:940:10:CLOCK_EnableFroClkFreqCloseLoop	40	static
C:/nxp/GUI-Guider-Projects/RT700_watch466/sdk/Core/drivers/fsl_clock.c:1014:6:CLOCK_DisableFro	16	static
C:/nxp/GUI-Guider-Projects/RT700_watch466/sdk/Core/drivers/fsl_clock.c:1031:6:CLOCK_InitMainPll	16	static
C:/nxp/GUI-Guider-Projects/RT700_watch466/sdk/Core/drivers/fsl_clock.c:1072:10:CLOCK_InitMainPfd	32	static
C:/nxp/GUI-Guider-Projects/RT700_watch466/sdk/Core/drivers/fsl_clock.c:1105:6:CLOCK_InitAudioPll	16	static
C:/nxp/GUI-Guider-Projects/RT700_watch466/sdk/Core/drivers/fsl_clock.c:1157:10:CLOCK_InitAudioPfd	32	static
C:/nxp/GUI-Guider-Projects/RT700_watch466/sdk/Core/drivers/fsl_clock.c:1192:6:CLOCK_EnableSysOscClk	24	static
C:/nxp/GUI-Guider-Projects/RT700_watch466/sdk/Core/drivers/fsl_clock.c:1208:6:CLOCK_EnableOsc32K	24	static
C:/nxp/GUI-Guider-Projects/RT700_watch466/sdk/Core/drivers/fsl_clock.c:1243:10:CLOCK_GetOsc32KFreq	16	static
C:/nxp/GUI-Guider-Projects/RT700_watch466/sdk/Core/drivers/fsl_clock.c:1259:10:CLOCK_GetVddnComBaseClkFreq	16	static
C:/nxp/GUI-Guider-Projects/RT700_watch466/sdk/Core/drivers/fsl_clock.c:1287:6:CLOCK_EnableFro0ClkForDomain	16	static
C:/nxp/GUI-Guider-Projects/RT700_watch466/sdk/Core/drivers/fsl_clock.c:1303:10:CLOCK_GetComputeBaseClkFreq	16	static
C:/nxp/GUI-Guider-Projects/RT700_watch466/sdk/Core/drivers/fsl_clock.c:1331:10:CLOCK_GetComputeDspBaseClkFreq	16	static
C:/nxp/GUI-Guider-Projects/RT700_watch466/sdk/Core/drivers/fsl_clock.c:1359:10:CLOCK_GetVdd2ComBaseClkFreq	16	static
C:/nxp/GUI-Guider-Projects/RT700_watch466/sdk/Core/drivers/fsl_clock.c:1385:10:CLOCK_GetComputeAudioClkFreq	16	static
C:/nxp/GUI-Guider-Projects/RT700_watch466/sdk/Core/drivers/fsl_clock.c:1411:10:CLOCK_GetSenseAudioClkFreq	16	static
C:/nxp/GUI-Guider-Projects/RT700_watch466/sdk/Core/drivers/fsl_clock.c:1452:10:CLOCK_GetFCClkFreq	32	static
C:/nxp/GUI-Guider-Projects/RT700_watch466/sdk/Core/drivers/fsl_clock.c:1497:10:CLOCK_GetComputeMainClkFreq	16	static
C:/nxp/GUI-Guider-Projects/RT700_watch466/sdk/Core/drivers/fsl_clock.c:1527:10:CLOCK_GetHifi4ClkFreq	16	static
C:/nxp/GUI-Guider-Projects/RT700_watch466/sdk/Core/drivers/fsl_clock.c:1560:10:CLOCK_GetSenseBaseClkFreq	16	static
C:/nxp/GUI-Guider-Projects/RT700_watch466/sdk/Core/drivers/fsl_clock.c:1685:10:CLOCK_GetSenseMainClkFreq	16	static
C:/nxp/GUI-Guider-Projects/RT700_watch466/sdk/Core/drivers/fsl_clock.c:1715:10:CLOCK_GetVdd2MediaBaseClkFreq	16	static
C:/nxp/GUI-Guider-Projects/RT700_watch466/sdk/Core/drivers/fsl_clock.c:1745:10:CLOCK_GetVddnMediaBaseClkFreq	16	static
C:/nxp/GUI-Guider-Projects/RT700_watch466/sdk/Core/drivers/fsl_clock.c:1775:10:CLOCK_GetMediaMainClkFreq	16	static
C:/nxp/GUI-Guider-Projects/RT700_watch466/sdk/Core/drivers/fsl_clock.c:1805:10:CLOCK_GetMediaVddnClkFreq	16	static
C:/nxp/GUI-Guider-Projects/RT700_watch466/sdk/Core/drivers/fsl_clock.c:1836:6:CLOCK_EnableFro2ClkForDomain	16	static
C:/nxp/GUI-Guider-Projects/RT700_watch466/sdk/Core/drivers/fsl_clock.c:1852:6:CLOCK_EnableMainPllPfdClkForDomain	24	static
C:/nxp/GUI-Guider-Projects/RT700_watch466/sdk/Core/drivers/fsl_clock.c:1864:6:CLOCK_EnableAudioPllPfdClkForDomain	24	static
C:/nxp/GUI-Guider-Projects/RT700_watch466/sdk/Core/drivers/fsl_clock.c:1876:6:CLOCK_EnableAudioPllVcoClkForDomain	16	static
C:/nxp/GUI-Guider-Projects/RT700_watch466/sdk/Core/drivers/fsl_clock.c:1886:10:CLOCK_GetLPFlexCommClkFreq	32	static
C:/nxp/GUI-Guider-Projects/RT700_watch466/sdk/Core/drivers/fsl_clock.c:1944:10:CLOCK_GetMainPllFreq	56	static
C:/nxp/GUI-Guider-Projects/RT700_watch466/sdk/Core/drivers/fsl_clock.c:1972:10:CLOCK_GetMainPfdFreq	184	static
C:/nxp/GUI-Guider-Projects/RT700_watch466/sdk/Core/drivers/fsl_clock.c:2013:10:CLOCK_GetAudioPllFreq	56	static
C:/nxp/GUI-Guider-Projects/RT700_watch466/sdk/Core/drivers/fsl_clock.c:2041:10:CLOCK_GetAudioPfdFreq	184	static
C:/nxp/GUI-Guider-Projects/RT700_watch466/sdk/Core/drivers/fsl_clock.c:2082:10:CLOCK_GetWakeClk32KFreq	16	static
C:/nxp/GUI-Guider-Projects/RT700_watch466/sdk/Core/drivers/fsl_clock.c:2102:10:CLOCK_GetXspiClkFreq	24	static
C:/nxp/GUI-Guider-Projects/RT700_watch466/sdk/Core/drivers/fsl_clock.c:2206:10:CLOCK_GetSctClkFreq	16	static
C:/nxp/GUI-Guider-Projects/RT700_watch466/sdk/Core/drivers/fsl_clock.c:2233:10:CLOCK_GetUtickClkFreq	16	static
C:/nxp/GUI-Guider-Projects/RT700_watch466/sdk/Core/drivers/fsl_clock.c:2261:10:CLOCK_GetWdtClkFreq	24	static
C:/nxp/GUI-Guider-Projects/RT700_watch466/sdk/Core/drivers/fsl_clock.c:2303:10:CLOCK_GetSystickClkFreq	16	static
C:/nxp/GUI-Guider-Projects/RT700_watch466/sdk/Core/drivers/fsl_clock.c:2331:10:CLOCK_GetCTimerClkFreq	24	static
C:/nxp/GUI-Guider-Projects/RT700_watch466/sdk/Core/drivers/fsl_clock.c:2364:10:CLOCK_GetI3cClkFreq	16	static
C:/nxp/GUI-Guider-Projects/RT700_watch466/sdk/Core/drivers/fsl_clock.c:2397:10:CLOCK_GetTrngClkFreq	16	static
C:/nxp/GUI-Guider-Projects/RT700_watch466/sdk/Core/drivers/fsl_clock.c:2430:10:CLOCK_GetTpiuClkFreq	16	static
C:/nxp/GUI-Guider-Projects/RT700_watch466/sdk/Core/drivers/fsl_clock.c:2463:10:CLOCK_GetSaiClkFreq	16	static
C:/nxp/GUI-Guider-Projects/RT700_watch466/sdk/Core/drivers/fsl_clock.c:2496:10:CLOCK_GetClockOutClkFreq	16	static
C:/nxp/GUI-Guider-Projects/RT700_watch466/sdk/Core/drivers/fsl_clock.c:2730:10:CLOCK_GetVdd1ClockOutClkFreq	16	static
C:/nxp/GUI-Guider-Projects/RT700_watch466/sdk/Core/drivers/fsl_clock.c:2763:10:CLOCK_GetAdcClkFreq	16	static
C:/nxp/GUI-Guider-Projects/RT700_watch466/sdk/Core/drivers/fsl_clock.c:2796:10:CLOCK_GetAcmpClkFreq	8	static
C:/nxp/GUI-Guider-Projects/RT700_watch466/sdk/Core/drivers/fsl_clock.c:2801:10:CLOCK_GetUsbClkFreq	8	static
C:/nxp/GUI-Guider-Projects/RT700_watch466/sdk/Core/drivers/fsl_clock.c:2806:10:CLOCK_GetSdAdcClkFreq	16	static
C:/nxp/GUI-Guider-Projects/RT700_watch466/sdk/Core/drivers/fsl_clock.c:2839:10:CLOCK_GetOSTimerClkFreq	16	static
C:/nxp/GUI-Guider-Projects/RT700_watch466/sdk/Core/drivers/fsl_clock.c:2872:10:CLOCK_GetMicfilClkFreq	16	static
C:/nxp/GUI-Guider-Projects/RT700_watch466/sdk/Core/drivers/fsl_clock.c:2905:10:CLOCK_GetFlexioClkFreq	16	static
C:/nxp/GUI-Guider-Projects/RT700_watch466/sdk/Core/drivers/fsl_clock.c:2938:10:CLOCK_GetLPSpiClkFreq	24	static
C:/nxp/GUI-Guider-Projects/RT700_watch466/sdk/Core/drivers/fsl_clock.c:3010:10:CLOCK_GetLPI2cClkFreq	24	static
C:/nxp/GUI-Guider-Projects/RT700_watch466/sdk/Core/drivers/fsl_clock.c:3051:10:CLOCK_GetLcdifClkFreq	16	static
C:/nxp/GUI-Guider-Projects/RT700_watch466/sdk/Core/drivers/fsl_clock.c:3084:10:CLOCK_GetMipiDphyClkFreq	16	static
C:/nxp/GUI-Guider-Projects/RT700_watch466/sdk/Core/drivers/fsl_clock.c:3115:10:CLOCK_GetMipiDphyEscRxClkFreq	16	static
C:/nxp/GUI-Guider-Projects/RT700_watch466/sdk/Core/drivers/fsl_clock.c:3148:10:CLOCK_GetMipiDphyEscTxClkFreq	8	static
C:/nxp/GUI-Guider-Projects/RT700_watch466/sdk/Core/drivers/fsl_clock.c:3153:10:CLOCK_GetUsdhcClkFreq	24	static
C:/nxp/GUI-Guider-Projects/RT700_watch466/sdk/Core/drivers/fsl_clock.c:3223:10:CLOCK_GetVgpuClkFreq	16	static
C:/nxp/GUI-Guider-Projects/RT700_watch466/sdk/Core/drivers/fsl_clock.c:3267:6:CLOCK_EnableUsbhs0Clock	16	static
C:/nxp/GUI-Guider-Projects/RT700_watch466/sdk/Core/drivers/fsl_clock.c:3281:6:CLOCK_EnableUsbhs0PhyPllClock	24	static
C:/nxp/GUI-Guider-Projects/RT700_watch466/sdk/Core/drivers/fsl_clock.c:3367:6:CLOCK_DisableUsbhs0PhyPllClock	4	static
