C:/nxp/GUI-Guider-Projects/RT700_watch466/sdk/Core/device/system_MIMXRT798S_cm33_core0.c:67:13:GlikeyWriteEnable	16	static
C:/nxp/GUI-Guider-Projects/RT700_watch466/sdk/Core/device/system_MIMXRT798S_cm33_core0.c:81:13:GlikeyClearConfig	16	static
C:/nxp/GUI-Guider-Projects/RT700_watch466/sdk/Core/device/system_MIMXRT798S_cm33_core0.c:90:28:SystemInit	8	static
C:/nxp/GUI-Guider-Projects/RT700_watch466/sdk/Core/device/system_MIMXRT798S_cm33_core0.c:211:17:getFro0MaxFreq	48	static
C:/nxp/GUI-Guider-Projects/RT700_watch466/sdk/Core/device/system_MIMXRT798S_cm33_core0.c:216:17:getFro1MaxFreq	4	static
C:/nxp/GUI-Guider-Projects/RT700_watch466/sdk/Core/device/system_MIMXRT798S_cm33_core0.c:221:17:getFro1Div3Freq	8	static
C:/nxp/GUI-Guider-Projects/RT700_watch466/sdk/Core/device/system_MIMXRT798S_cm33_core0.c:226:17:getFro0Div3Freq	8	static
C:/nxp/GUI-Guider-Projects/RT700_watch466/sdk/Core/device/system_MIMXRT798S_cm33_core0.c:231:17:getLpOscFreq	4	static
C:/nxp/GUI-Guider-Projects/RT700_watch466/sdk/Core/device/system_MIMXRT798S_cm33_core0.c:236:17:getBaseClkCmpt	16	static
C:/nxp/GUI-Guider-Projects/RT700_watch466/sdk/Core/device/system_MIMXRT798S_cm33_core0.c:262:17:getMainPllFreq	56	static
C:/nxp/GUI-Guider-Projects/RT700_watch466/sdk/Core/device/system_MIMXRT798S_cm33_core0.c:290:17:getMainPllPfd0Freq	56	static
C:/nxp/GUI-Guider-Projects/RT700_watch466/sdk/Core/device/system_MIMXRT798S_cm33_core0.c:302:17:getAudioPllFreq	56	static
C:/nxp/GUI-Guider-Projects/RT700_watch466/sdk/Core/device/system_MIMXRT798S_cm33_core0.c:330:17:getAudioPllPfd1Freq	56	static
C:/nxp/GUI-Guider-Projects/RT700_watch466/sdk/Core/device/system_MIMXRT798S_cm33_core0.c:343:6:SystemCoreClockUpdate	16	static
C:/nxp/GUI-Guider-Projects/RT700_watch466/sdk/Core/device/system_MIMXRT798S_cm33_core0.c:377:28:SystemInitHook	4	static
