C:/nxp/GUI-Guider-Projects/RT700_watch466/sdk/Core/vglite/VGLiteKernel/rtos/vg_lite_hal.c:44:13:sleep	16	static
C:/nxp/GUI-Guider-Projects/RT700_watch466/sdk/Core/vglite/VGLiteKernel/rtos/vg_lite_hal.c:76:6:vg_lite_init_mem	24	static
C:/nxp/GUI-Guider-Projects/RT700_watch466/sdk/Core/vglite/VGLiteKernel/rtos/vg_lite_hal.c:95:20:add_list	16	static
C:/nxp/GUI-Guider-Projects/RT700_watch466/sdk/Core/vglite/VGLiteKernel/rtos/vg_lite_hal.c:109:20:delete_list	16	static
C:/nxp/GUI-Guider-Projects/RT700_watch466/sdk/Core/vglite/VGLiteKernel/rtos/vg_lite_hal.c:120:20:_memset	32	static
C:/nxp/GUI-Guider-Projects/RT700_watch466/sdk/Core/vglite/VGLiteKernel/rtos/vg_lite_hal.c:179:6:vg_lite_set_gpu_execute_state	16	static
C:/nxp/GUI-Guider-Projects/RT700_watch466/sdk/Core/vglite/VGLiteKernel/rtos/vg_lite_hal.c:184:17:vg_lite_hal_allocate	24	static
C:/nxp/GUI-Guider-Projects/RT700_watch466/sdk/Core/vglite/VGLiteKernel/rtos/vg_lite_hal.c:202:17:vg_lite_hal_free	24	static
C:/nxp/GUI-Guider-Projects/RT700_watch466/sdk/Core/vglite/VGLiteKernel/rtos/vg_lite_hal.c:214:6:vg_lite_hal_delay	16	static
C:/nxp/GUI-Guider-Projects/RT700_watch466/sdk/Core/vglite/VGLiteKernel/rtos/vg_lite_hal.c:219:6:vg_lite_hal_barrier	4	static
C:/nxp/GUI-Guider-Projects/RT700_watch466/sdk/Core/vglite/VGLiteKernel/rtos/vg_lite_hal.c:230:6:vg_lite_hal_initialize	8	static
C:/nxp/GUI-Guider-Projects/RT700_watch466/sdk/Core/vglite/VGLiteKernel/rtos/vg_lite_hal.c:238:6:vg_lite_hal_deinitialize	8	static
C:/nxp/GUI-Guider-Projects/RT700_watch466/sdk/Core/vglite/VGLiteKernel/rtos/vg_lite_hal.c:246:12:split_node	24	static
C:/nxp/GUI-Guider-Projects/RT700_watch466/sdk/Core/vglite/VGLiteKernel/rtos/vg_lite_hal.c:270:6:vg_lite_hal_print	16	static
C:/nxp/GUI-Guider-Projects/RT700_watch466/sdk/Core/vglite/VGLiteKernel/rtos/vg_lite_hal.c:283:6:vg_lite_hal_trace	16	static
C:/nxp/GUI-Guider-Projects/RT700_watch466/sdk/Core/vglite/VGLiteKernel/rtos/vg_lite_hal.c:296:13:vg_lite_hal_Status2Name	16	static
C:/nxp/GUI-Guider-Projects/RT700_watch466/sdk/Core/vglite/VGLiteKernel/rtos/vg_lite_hal.c:330:17:vg_lite_hal_allocate_contiguous	32	static
C:/nxp/GUI-Guider-Projects/RT700_watch466/sdk/Core/vglite/VGLiteKernel/rtos/vg_lite_hal.c:381:6:vg_lite_hal_free_contiguous	32	static
C:/nxp/GUI-Guider-Projects/RT700_watch466/sdk/Core/vglite/VGLiteKernel/rtos/vg_lite_hal.c:444:6:vg_lite_hal_free_os_heap	24	static
C:/nxp/GUI-Guider-Projects/RT700_watch466/sdk/Core/vglite/VGLiteKernel/rtos/vg_lite_hal.c:467:10:vg_lite_hal_peek	16	static
C:/nxp/GUI-Guider-Projects/RT700_watch466/sdk/Core/vglite/VGLiteKernel/rtos/vg_lite_hal.c:474:6:vg_lite_hal_poke	24	static
C:/nxp/GUI-Guider-Projects/RT700_watch466/sdk/Core/vglite/VGLiteKernel/rtos/vg_lite_hal.c:481:17:vg_lite_hal_query_mem	16	static
C:/nxp/GUI-Guider-Projects/RT700_watch466/sdk/Core/vglite/VGLiteKernel/rtos/vg_lite_hal.c:491:17:vg_lite_hal_map_memory	16	static
C:/nxp/GUI-Guider-Projects/RT700_watch466/sdk/Core/vglite/VGLiteKernel/rtos/vg_lite_hal.c:497:17:vg_lite_hal_unmap_memory	16	static
C:/nxp/GUI-Guider-Projects/RT700_watch466/sdk/Core/vglite/VGLiteKernel/rtos/vg_lite_hal.c:502:28:vg_lite_bus_error_handler	4	static
C:/nxp/GUI-Guider-Projects/RT700_watch466/sdk/Core/vglite/VGLiteKernel/rtos/vg_lite_hal.c:512:6:vg_lite_IRQHandler	16	static
C:/nxp/GUI-Guider-Projects/RT700_watch466/sdk/Core/vglite/VGLiteKernel/rtos/vg_lite_hal.c:541:9:vg_lite_hal_wait_interrupt	24	static
C:/nxp/GUI-Guider-Projects/RT700_watch466/sdk/Core/vglite/VGLiteKernel/rtos/vg_lite_hal.c:578:17:vg_lite_hal_memory_export	16	static
C:/nxp/GUI-Guider-Projects/RT700_watch466/sdk/Core/vglite/VGLiteKernel/rtos/vg_lite_hal.c:584:8:vg_lite_hal_map	24	static
C:/nxp/GUI-Guider-Projects/RT700_watch466/sdk/Core/vglite/VGLiteKernel/rtos/vg_lite_hal.c:595:6:vg_lite_hal_unmap	16	static
C:/nxp/GUI-Guider-Projects/RT700_watch466/sdk/Core/vglite/VGLiteKernel/rtos/vg_lite_hal.c:601:17:vg_lite_hal_operation_cache	16	static
C:/nxp/GUI-Guider-Projects/RT700_watch466/sdk/Core/vglite/VGLiteKernel/rtos/vg_lite_hal.c:609:13:vg_lite_exit	24	static
C:/nxp/GUI-Guider-Projects/RT700_watch466/sdk/Core/vglite/VGLiteKernel/rtos/vg_lite_hal.c:641:12:vg_lite_init	24	static
