C:/nxp/GUI-Guider-Projects/RT700_watch466/sdk/Core/vglite/VGLiteKernel/vg_lite_kernel.c:204:13:gpu	32	static
C:/nxp/GUI-Guider-Projects/RT700_watch466/sdk/Core/vglite/VGLiteKernel/vg_lite_kernel.c:291:24:init_3rd	24	static
C:/nxp/GUI-Guider-Projects/RT700_watch466/sdk/Core/vglite/VGLiteKernel/vg_lite_kernel.c:302:24:init_vglite	96	static
C:/nxp/GUI-Guider-Projects/RT700_watch466/sdk/Core/vglite/VGLiteKernel/vg_lite_kernel.c:605:24:do_initialize	24	static
C:/nxp/GUI-Guider-Projects/RT700_watch466/sdk/Core/vglite/VGLiteKernel/vg_lite_kernel.c:622:24:terminate_vglite	24	static
C:/nxp/GUI-Guider-Projects/RT700_watch466/sdk/Core/vglite/VGLiteKernel/vg_lite_kernel.c:695:24:terminate_3rd	16	static
C:/nxp/GUI-Guider-Projects/RT700_watch466/sdk/Core/vglite/VGLiteKernel/vg_lite_kernel.c:702:24:do_terminate	16	static
C:/nxp/GUI-Guider-Projects/RT700_watch466/sdk/Core/vglite/VGLiteKernel/vg_lite_kernel.c:710:24:vg_lite_kernel_vidmem_allocate	48	static
C:/nxp/GUI-Guider-Projects/RT700_watch466/sdk/Core/vglite/VGLiteKernel/vg_lite_kernel.c:724:24:vg_lite_kernel_vidmem_free	24	static
C:/nxp/GUI-Guider-Projects/RT700_watch466/sdk/Core/vglite/VGLiteKernel/vg_lite_kernel.c:733:24:do_allocate	56	static
C:/nxp/GUI-Guider-Projects/RT700_watch466/sdk/Core/vglite/VGLiteKernel/vg_lite_kernel.c:742:24:do_free	24	static
C:/nxp/GUI-Guider-Projects/RT700_watch466/sdk/Core/vglite/VGLiteKernel/vg_lite_kernel.c:751:24:do_submit	32	static
C:/nxp/GUI-Guider-Projects/RT700_watch466/sdk/Core/vglite/VGLiteKernel/vg_lite_kernel.c:865:24:do_wait	24	static
C:/nxp/GUI-Guider-Projects/RT700_watch466/sdk/Core/vglite/VGLiteKernel/vg_lite_kernel.c:1074:24:do_reset	16	static
C:/nxp/GUI-Guider-Projects/RT700_watch466/sdk/Core/vglite/VGLiteKernel/vg_lite_kernel.c:1095:24:do_gpu_close	8	static
C:/nxp/GUI-Guider-Projects/RT700_watch466/sdk/Core/vglite/VGLiteKernel/vg_lite_kernel.c:1104:24:do_debug	4	static
C:/nxp/GUI-Guider-Projects/RT700_watch466/sdk/Core/vglite/VGLiteKernel/vg_lite_kernel.c:1109:24:do_map	32	static
C:/nxp/GUI-Guider-Projects/RT700_watch466/sdk/Core/vglite/VGLiteKernel/vg_lite_kernel.c:1120:24:do_unmap	16	static
C:/nxp/GUI-Guider-Projects/RT700_watch466/sdk/Core/vglite/VGLiteKernel/vg_lite_kernel.c:1127:24:do_peek	16	static
C:/nxp/GUI-Guider-Projects/RT700_watch466/sdk/Core/vglite/VGLiteKernel/vg_lite_kernel.c:1187:24:do_query_mem	24	static
C:/nxp/GUI-Guider-Projects/RT700_watch466/sdk/Core/vglite/VGLiteKernel/vg_lite_kernel.c:1246:24:do_map_memory	24	static
C:/nxp/GUI-Guider-Projects/RT700_watch466/sdk/Core/vglite/VGLiteKernel/vg_lite_kernel.c:1254:24:do_unmap_memory	24	static
C:/nxp/GUI-Guider-Projects/RT700_watch466/sdk/Core/vglite/VGLiteKernel/vg_lite_kernel.c:1262:24:do_cache	24	static
C:/nxp/GUI-Guider-Projects/RT700_watch466/sdk/Core/vglite/VGLiteKernel/vg_lite_kernel.c:1270:24:do_export_memory	24	static
C:/nxp/GUI-Guider-Projects/RT700_watch466/sdk/Core/vglite/VGLiteKernel/vg_lite_kernel.c:1279:24:do_get_running_time	24	static
C:/nxp/GUI-Guider-Projects/RT700_watch466/sdk/Core/vglite/VGLiteKernel/vg_lite_kernel.c:1294:17:record_running_time	16	static
C:/nxp/GUI-Guider-Projects/RT700_watch466/sdk/Core/vglite/VGLiteKernel/vg_lite_kernel.c:1318:13:soft_reset	16	static
C:/nxp/GUI-Guider-Projects/RT700_watch466/sdk/Core/vglite/VGLiteKernel/vg_lite_kernel.c:1335:17:vg_lite_kernel	16	static
