C:/nxp/GUI-Guider-Projects/RT700_watch466/sdk/Core/CMSIS/core_cm33.h:2358:22:__NVIC_EnableIRQ	16	static
C:/nxp/GUI-Guider-Projects/RT700_watch466/sdk/Core/CMSIS/core_cm33.h:2449:22:__NVIC_ClearPendingIRQ	16	static
C:/nxp/GUI-Guider-Projects/RT700_watch466/sdk/Core/CMSIS/core_cm33.h:2555:22:__NVIC_SetPriority	16	static
C:/nxp/GUI-Guider-Projects/RT700_watch466/sdk/Core/drivers/fsl_common_arm.h:678:24:EnableIRQ	24	static
C:/nxp/GUI-Guider-Projects/RT700_watch466/sdk/Core/drivers/fsl_gpio.h:345:20:GPIO_PinWrite	24	static
C:/nxp/GUI-Guider-Projects/RT700_watch466/sdk/Core/drivers/fsl_gpio.h:482:20:GPIO_SetPinInterruptConfig	24	static
C:/nxp/GUI-Guider-Projects/RT700_watch466/sdk/Core/drivers/fsl_gpio.h:499:20:GPIO_SetPinInterruptChannel	24	static
C:/nxp/GUI-Guider-Projects/RT700_watch466/sdk/Core/drivers/fsl_mipi_dsi.h:601:20:DSI_SetDbiPixelFormat	16	static
C:/nxp/GUI-Guider-Projects/RT700_watch466/sdk/Core/video/fsl_display.h:97:24:DISPLAY_Init	16	static
C:/nxp/GUI-Guider-Projects/RT700_watch466/sdk/Core/source/display_support.c:1074:13:BOARD_PullPanelResetPin	16	static
C:/nxp/GUI-Guider-Projects/RT700_watch466/sdk/Core/source/display_support.c:1086:13:BOARD_PullPanelPowerPin	16	static
C:/nxp/GUI-Guider-Projects/RT700_watch466/sdk/Core/source/display_support.c:1098:17:BOARD_DSI_Transfer	16	static
C:/nxp/GUI-Guider-Projects/RT700_watch466/sdk/Core/source/display_support.c:1103:13:BOARD_InitMipiDsiClock	8	static
C:/nxp/GUI-Guider-Projects/RT700_watch466/sdk/Core/source/display_support.c:1132:13:BOARD_InitMipiDsi	48	static
C:/nxp/GUI-Guider-Projects/RT700_watch466/sdk/Core/source/display_support.c:1163:17:BOARD_InitLcdPanel	16	static
C:/nxp/GUI-Guider-Projects/RT700_watch466/sdk/Core/source/display_support.c:1178:13:BOARD_InitMipiPanelTEPin	16	static
C:/nxp/GUI-Guider-Projects/RT700_watch466/sdk/Core/source/display_support.c:1219:13:BOARD_InitLcdifPowerReset	8	static
C:/nxp/GUI-Guider-Projects/RT700_watch466/sdk/Core/source/display_support.c:1230:13:BOARD_InitLcdif	24	static
C:/nxp/GUI-Guider-Projects/RT700_watch466/sdk/Core/source/display_support.c:1284:10:BOARD_PrepareDisplayController	8	static
C:/nxp/GUI-Guider-Projects/RT700_watch466/sdk/Core/source/display_support.c:1309:6:LCDIF_IRQHandler	8	static
C:/nxp/GUI-Guider-Projects/RT700_watch466/sdk/Core/source/display_support.c:1315:6:BOARD_DisplayTEPinHandler	8	static
