C:/nxp/GUI-Guider-Projects/RT700_watch466/sdk/Core/CMSIS/core_cm33.h:2358:22:__NVIC_EnableIRQ	16	static
C:/nxp/GUI-Guider-Projects/RT700_watch466/sdk/Core/CMSIS/core_cm33.h:2555:22:__NVIC_SetPriority	16	static
C:/nxp/GUI-Guider-Projects/RT700_watch466/sdk/Core/drivers/fsl_common_arm.h:678:24:EnableIRQ	24	static
C:/nxp/GUI-Guider-Projects/RT700_watch466/sdk/Core/lvgl/src/misc/lv_area.h:107:20:lv_area_copy	16	static
C:/nxp/GUI-Guider-Projects/RT700_watch466/sdk/Core/drivers/fsl_gpio.h:345:20:GPIO_PinWrite	24	static
C:/nxp/GUI-Guider-Projects/RT700_watch466/sdk/Core/drivers/fsl_gpio.h:482:20:GPIO_SetPinInterruptConfig	24	static
C:/nxp/GUI-Guider-Projects/RT700_watch466/sdk/Core/drivers/fsl_gpio.h:499:20:GPIO_SetPinInterruptChannel	24	static
C:/nxp/GUI-Guider-Projects/RT700_watch466/sdk/Core/source/lvgl_support.c:177:6:lv_port_pre_init	4	static
C:/nxp/GUI-Guider-Projects/RT700_watch466/sdk/Core/source/lvgl_support.c:181:6:lv_port_disp_init	32	static
C:/nxp/GUI-Guider-Projects/RT700_watch466/sdk/Core/source/lvgl_support.c:299:13:DEMO_BufferSwitchOffCallback	24	static
C:/nxp/GUI-Guider-Projects/RT700_watch466/sdk/Core/source/lvgl_support.c:323:13:DEMO_WaitBufferSwitchOff	8	static
C:/nxp/GUI-Guider-Projects/RT700_watch466/sdk/Core/source/lvgl_support.c:357:13:copy_area	40	static
C:/nxp/GUI-Guider-Projects/RT700_watch466/sdk/Core/source/lvgl_support.c:376:13:DEMO_FlushDisplay	32	static
C:/nxp/GUI-Guider-Projects/RT700_watch466/sdk/Core/source/lvgl_support.c:507:6:lv_port_indev_init	16	static
C:/nxp/GUI-Guider-Projects/RT700_watch466/sdk/Core/source/lvgl_support.c:529:6:BOARD_PullMIPIPanelTouchResetPin	16	static
C:/nxp/GUI-Guider-Projects/RT700_watch466/sdk/Core/source/lvgl_support.c:544:6:BOARD_TouchIntHandler	4	static
C:/nxp/GUI-Guider-Projects/RT700_watch466/sdk/Core/source/lvgl_support.c:550:13:DEMO_InitTouch	24	static
C:/nxp/GUI-Guider-Projects/RT700_watch466/sdk/Core/source/lvgl_support.c:579:13:DEMO_ReadTouch	24	static
C:/nxp/GUI-Guider-Projects/RT700_watch466/sdk/Core/source/lvgl_support.c:787:6:DEMO_CleanInvalidateCacheByAddr	16	static
