C:/nxp/GUI-Guider-Projects/RT700_watch466/sdk/Core/source/lvgl_guider.c:44:13:AppTask	16	static
C:/nxp/GUI-Guider-Projects/RT700_watch466/sdk/Core/source/lvgl_guider.c:74:5:main	24	static
C:/nxp/GUI-Guider-Projects/RT700_watch466/sdk/Core/source/lvgl_guider.c:101:6:vApplicationMallocFailedHook	8	static
C:/nxp/GUI-Guider-Projects/RT700_watch466/sdk/Core/source/lvgl_guider.c:112:6:vApplicationTickHook	8	static
C:/nxp/GUI-Guider-Projects/RT700_watch466/sdk/Core/source/lvgl_guider.c:123:6:vApplicationStackOverflowHook	16	static
