C:/nxp/GUI-Guider-Projects/RT700_watch466/sdk/vscode/startup/startup_MIMXRT798S_cm33_core0.c:762:6:Reset_Handler	0	static
C:/nxp/GUI-Guider-Projects/RT700_watch466/sdk/vscode/startup/startup_MIMXRT798S_cm33_core0.c:912:14:NMI_Handler	0	static
C:/nxp/GUI-Guider-Projects/RT700_watch466/sdk/vscode/startup/startup_MIMXRT798S_cm33_core0.c:919:14:HardFault_Handler	0	static
C:/nxp/GUI-Guider-Projects/RT700_watch466/sdk/vscode/startup/startup_MIMXRT798S_cm33_core0.c:926:14:MemManage_Handler	0	static
C:/nxp/GUI-Guider-Projects/RT700_watch466/sdk/vscode/startup/startup_MIMXRT798S_cm33_core0.c:933:14:BusFault_Handler	0	static
C:/nxp/GUI-Guider-Projects/RT700_watch466/sdk/vscode/startup/startup_MIMXRT798S_cm33_core0.c:940:14:UsageFault_Handler	0	static
C:/nxp/GUI-Guider-Projects/RT700_watch466/sdk/vscode/startup/startup_MIMXRT798S_cm33_core0.c:947:14:SecureFault_Handler	0	static
C:/nxp/GUI-Guider-Projects/RT700_watch466/sdk/vscode/startup/startup_MIMXRT798S_cm33_core0.c:954:14:SVC_Handler	0	static
C:/nxp/GUI-Guider-Projects/RT700_watch466/sdk/vscode/startup/startup_MIMXRT798S_cm33_core0.c:961:14:DebugMon_Handler	0	static
C:/nxp/GUI-Guider-Projects/RT700_watch466/sdk/vscode/startup/startup_MIMXRT798S_cm33_core0.c:968:14:PendSV_Handler	0	static
C:/nxp/GUI-Guider-Projects/RT700_watch466/sdk/vscode/startup/startup_MIMXRT798S_cm33_core0.c:975:14:SysTick_Handler	0	static
C:/nxp/GUI-Guider-Projects/RT700_watch466/sdk/vscode/startup/startup_MIMXRT798S_cm33_core0.c:986:14:DefaultISR	0	static
C:/nxp/GUI-Guider-Projects/RT700_watch466/sdk/vscode/startup/startup_MIMXRT798S_cm33_core0.c:999:11:Reserved16_IRQHandler	8	static
C:/nxp/GUI-Guider-Projects/RT700_watch466/sdk/vscode/startup/startup_MIMXRT798S_cm33_core0.c:1004:11:UTICK0_IRQHandler	8	static
C:/nxp/GUI-Guider-Projects/RT700_watch466/sdk/vscode/startup/startup_MIMXRT798S_cm33_core0.c:1009:11:MRT0_IRQHandler	8	static
C:/nxp/GUI-Guider-Projects/RT700_watch466/sdk/vscode/startup/startup_MIMXRT798S_cm33_core0.c:1014:11:CTIMER0_IRQHandler	8	static
C:/nxp/GUI-Guider-Projects/RT700_watch466/sdk/vscode/startup/startup_MIMXRT798S_cm33_core0.c:1019:11:CTIMER1_IRQHandler	8	static
C:/nxp/GUI-Guider-Projects/RT700_watch466/sdk/vscode/startup/startup_MIMXRT798S_cm33_core0.c:1024:11:SCT0_IRQHandler	8	static
C:/nxp/GUI-Guider-Projects/RT700_watch466/sdk/vscode/startup/startup_MIMXRT798S_cm33_core0.c:1029:11:CTIMER3_IRQHandler	8	static
C:/nxp/GUI-Guider-Projects/RT700_watch466/sdk/vscode/startup/startup_MIMXRT798S_cm33_core0.c:1034:11:LP_FLEXCOMM0_IRQHandler	8	static
C:/nxp/GUI-Guider-Projects/RT700_watch466/sdk/vscode/startup/startup_MIMXRT798S_cm33_core0.c:1039:11:LP_FLEXCOMM1_IRQHandler	8	static
C:/nxp/GUI-Guider-Projects/RT700_watch466/sdk/vscode/startup/startup_MIMXRT798S_cm33_core0.c:1044:11:LP_FLEXCOMM2_IRQHandler	8	static
C:/nxp/GUI-Guider-Projects/RT700_watch466/sdk/vscode/startup/startup_MIMXRT798S_cm33_core0.c:1049:11:LP_FLEXCOMM3_IRQHandler	8	static
C:/nxp/GUI-Guider-Projects/RT700_watch466/sdk/vscode/startup/startup_MIMXRT798S_cm33_core0.c:1054:11:LP_FLEXCOMM4_IRQHandler	8	static
C:/nxp/GUI-Guider-Projects/RT700_watch466/sdk/vscode/startup/startup_MIMXRT798S_cm33_core0.c:1059:11:LP_FLEXCOMM5_IRQHandler	8	static
C:/nxp/GUI-Guider-Projects/RT700_watch466/sdk/vscode/startup/startup_MIMXRT798S_cm33_core0.c:1064:11:LPSPI14_IRQHandler	8	static
C:/nxp/GUI-Guider-Projects/RT700_watch466/sdk/vscode/startup/startup_MIMXRT798S_cm33_core0.c:1069:11:LPI2C15_IRQHandler	8	static
C:/nxp/GUI-Guider-Projects/RT700_watch466/sdk/vscode/startup/startup_MIMXRT798S_cm33_core0.c:1074:11:ADC_IRQHandler	8	static
C:/nxp/GUI-Guider-Projects/RT700_watch466/sdk/vscode/startup/startup_MIMXRT798S_cm33_core0.c:1079:11:SDADC_IRQHandler	8	static
C:/nxp/GUI-Guider-Projects/RT700_watch466/sdk/vscode/startup/startup_MIMXRT798S_cm33_core0.c:1084:11:ACMP_IRQHandler	8	static
C:/nxp/GUI-Guider-Projects/RT700_watch466/sdk/vscode/startup/startup_MIMXRT798S_cm33_core0.c:1089:11:PDM_EVENT_IRQHandler	8	static
C:/nxp/GUI-Guider-Projects/RT700_watch466/sdk/vscode/startup/startup_MIMXRT798S_cm33_core0.c:1094:11:PDM_HWVAD_EVENT_IRQHandler	8	static
C:/nxp/GUI-Guider-Projects/RT700_watch466/sdk/vscode/startup/startup_MIMXRT798S_cm33_core0.c:1099:11:HYPERVISOR_IRQHandler	8	static
C:/nxp/GUI-Guider-Projects/RT700_watch466/sdk/vscode/startup/startup_MIMXRT798S_cm33_core0.c:1104:11:SECURE_VIOLATION_IRQHandler	8	static
C:/nxp/GUI-Guider-Projects/RT700_watch466/sdk/vscode/startup/startup_MIMXRT798S_cm33_core0.c:1109:11:SENSE_HYPERVISOR_IRQHandler	8	static
C:/nxp/GUI-Guider-Projects/RT700_watch466/sdk/vscode/startup/startup_MIMXRT798S_cm33_core0.c:1114:11:SENSE_SECURE_VIOLATION_IRQHandler	8	static
C:/nxp/GUI-Guider-Projects/RT700_watch466/sdk/vscode/startup/startup_MIMXRT798S_cm33_core0.c:1119:11:MEDIA_HYPERVISOR_IRQHandler	8	static
C:/nxp/GUI-Guider-Projects/RT700_watch466/sdk/vscode/startup/startup_MIMXRT798S_cm33_core0.c:1124:11:MEDIA_SECURE_VIOLATION_IRQHandler	8	static
C:/nxp/GUI-Guider-Projects/RT700_watch466/sdk/vscode/startup/startup_MIMXRT798S_cm33_core0.c:1129:11:RTC0_ALARM_IRQHandler	8	static
C:/nxp/GUI-Guider-Projects/RT700_watch466/sdk/vscode/startup/startup_MIMXRT798S_cm33_core0.c:1134:11:RTC0_IRQHandler	8	static
C:/nxp/GUI-Guider-Projects/RT700_watch466/sdk/vscode/startup/startup_MIMXRT798S_cm33_core0.c:1139:11:HIFI4_IRQHandler	8	static
C:/nxp/GUI-Guider-Projects/RT700_watch466/sdk/vscode/startup/startup_MIMXRT798S_cm33_core0.c:1144:11:MU0_A_IRQHandler	8	static
C:/nxp/GUI-Guider-Projects/RT700_watch466/sdk/vscode/startup/startup_MIMXRT798S_cm33_core0.c:1149:11:MU1_A_IRQHandler	8	static
C:/nxp/GUI-Guider-Projects/RT700_watch466/sdk/vscode/startup/startup_MIMXRT798S_cm33_core0.c:1154:11:MU4_A_IRQHandler	8	static
C:/nxp/GUI-Guider-Projects/RT700_watch466/sdk/vscode/startup/startup_MIMXRT798S_cm33_core0.c:1159:11:CTIMER2_IRQHandler	8	static
C:/nxp/GUI-Guider-Projects/RT700_watch466/sdk/vscode/startup/startup_MIMXRT798S_cm33_core0.c:1164:11:CTIMER4_IRQHandler	8	static
C:/nxp/GUI-Guider-Projects/RT700_watch466/sdk/vscode/startup/startup_MIMXRT798S_cm33_core0.c:1169:11:OS_EVENT_IRQHandler	8	static
C:/nxp/GUI-Guider-Projects/RT700_watch466/sdk/vscode/startup/startup_MIMXRT798S_cm33_core0.c:1174:11:LP_FLEXCOMM6_IRQHandler	8	static
C:/nxp/GUI-Guider-Projects/RT700_watch466/sdk/vscode/startup/startup_MIMXRT798S_cm33_core0.c:1179:11:LP_FLEXCOMM7_IRQHandler	8	static
C:/nxp/GUI-Guider-Projects/RT700_watch466/sdk/vscode/startup/startup_MIMXRT798S_cm33_core0.c:1184:11:USDHC0_IRQHandler	8	static
C:/nxp/GUI-Guider-Projects/RT700_watch466/sdk/vscode/startup/startup_MIMXRT798S_cm33_core0.c:1189:11:USDHC1_IRQHandler	8	static
C:/nxp/GUI-Guider-Projects/RT700_watch466/sdk/vscode/startup/startup_MIMXRT798S_cm33_core0.c:1194:11:I3C0_IRQHandler	8	static
C:/nxp/GUI-Guider-Projects/RT700_watch466/sdk/vscode/startup/startup_MIMXRT798S_cm33_core0.c:1199:11:USB0_IRQHandler	8	static
C:/nxp/GUI-Guider-Projects/RT700_watch466/sdk/vscode/startup/startup_MIMXRT798S_cm33_core0.c:1204:11:USB1_IRQHandler	8	static
C:/nxp/GUI-Guider-Projects/RT700_watch466/sdk/vscode/startup/startup_MIMXRT798S_cm33_core0.c:1209:11:WDT0_IRQHandler	8	static
C:/nxp/GUI-Guider-Projects/RT700_watch466/sdk/vscode/startup/startup_MIMXRT798S_cm33_core0.c:1214:11:WDT1_IRQHandler	8	static
C:/nxp/GUI-Guider-Projects/RT700_watch466/sdk/vscode/startup/startup_MIMXRT798S_cm33_core0.c:1219:11:USBPHY0_IRQHandler	8	static
C:/nxp/GUI-Guider-Projects/RT700_watch466/sdk/vscode/startup/startup_MIMXRT798S_cm33_core0.c:1224:11:PUF_IRQHandler	8	static
C:/nxp/GUI-Guider-Projects/RT700_watch466/sdk/vscode/startup/startup_MIMXRT798S_cm33_core0.c:1229:11:Reserved62_IRQHandler	8	static
C:/nxp/GUI-Guider-Projects/RT700_watch466/sdk/vscode/startup/startup_MIMXRT798S_cm33_core0.c:1234:11:LP_FLEXCOMM8_IRQHandler	8	static
C:/nxp/GUI-Guider-Projects/RT700_watch466/sdk/vscode/startup/startup_MIMXRT798S_cm33_core0.c:1239:11:LP_FLEXCOMM9_IRQHandler	8	static
C:/nxp/GUI-Guider-Projects/RT700_watch466/sdk/vscode/startup/startup_MIMXRT798S_cm33_core0.c:1244:11:LP_FLEXCOMM10_IRQHandler	8	static
C:/nxp/GUI-Guider-Projects/RT700_watch466/sdk/vscode/startup/startup_MIMXRT798S_cm33_core0.c:1249:11:LP_FLEXCOMM11_IRQHandler	8	static
C:/nxp/GUI-Guider-Projects/RT700_watch466/sdk/vscode/startup/startup_MIMXRT798S_cm33_core0.c:1254:11:LP_FLEXCOMM12_IRQHandler	8	static
C:/nxp/GUI-Guider-Projects/RT700_watch466/sdk/vscode/startup/startup_MIMXRT798S_cm33_core0.c:1259:11:LP_FLEXCOMM13_IRQHandler	8	static
C:/nxp/GUI-Guider-Projects/RT700_watch466/sdk/vscode/startup/startup_MIMXRT798S_cm33_core0.c:1264:11:LPSPI16_IRQHandler	8	static
C:/nxp/GUI-Guider-Projects/RT700_watch466/sdk/vscode/startup/startup_MIMXRT798S_cm33_core0.c:1269:11:I3C1_IRQHandler	8	static
C:/nxp/GUI-Guider-Projects/RT700_watch466/sdk/vscode/startup/startup_MIMXRT798S_cm33_core0.c:1274:11:FLEXIO_IRQHandler	8	static
C:/nxp/GUI-Guider-Projects/RT700_watch466/sdk/vscode/startup/startup_MIMXRT798S_cm33_core0.c:1279:11:LCDIF_IRQHandler	8	static
C:/nxp/GUI-Guider-Projects/RT700_watch466/sdk/vscode/startup/startup_MIMXRT798S_cm33_core0.c:1284:11:VGPU_IRQHandler	8	static
C:/nxp/GUI-Guider-Projects/RT700_watch466/sdk/vscode/startup/startup_MIMXRT798S_cm33_core0.c:1289:11:MIPI_IRQHandler	8	static
C:/nxp/GUI-Guider-Projects/RT700_watch466/sdk/vscode/startup/startup_MIMXRT798S_cm33_core0.c:1294:11:EDMA0_CH0_IRQHandler	8	static
C:/nxp/GUI-Guider-Projects/RT700_watch466/sdk/vscode/startup/startup_MIMXRT798S_cm33_core0.c:1299:11:EDMA0_CH1_IRQHandler	8	static
C:/nxp/GUI-Guider-Projects/RT700_watch466/sdk/vscode/startup/startup_MIMXRT798S_cm33_core0.c:1304:11:EDMA0_CH2_IRQHandler	8	static
C:/nxp/GUI-Guider-Projects/RT700_watch466/sdk/vscode/startup/startup_MIMXRT798S_cm33_core0.c:1309:11:EDMA0_CH3_IRQHandler	8	static
C:/nxp/GUI-Guider-Projects/RT700_watch466/sdk/vscode/startup/startup_MIMXRT798S_cm33_core0.c:1314:11:EDMA0_CH4_IRQHandler	8	static
C:/nxp/GUI-Guider-Projects/RT700_watch466/sdk/vscode/startup/startup_MIMXRT798S_cm33_core0.c:1319:11:EDMA0_CH5_IRQHandler	8	static
C:/nxp/GUI-Guider-Projects/RT700_watch466/sdk/vscode/startup/startup_MIMXRT798S_cm33_core0.c:1324:11:EDMA0_CH6_IRQHandler	8	static
C:/nxp/GUI-Guider-Projects/RT700_watch466/sdk/vscode/startup/startup_MIMXRT798S_cm33_core0.c:1329:11:EDMA0_CH7_IRQHandler	8	static
C:/nxp/GUI-Guider-Projects/RT700_watch466/sdk/vscode/startup/startup_MIMXRT798S_cm33_core0.c:1334:11:EDMA0_CH8_IRQHandler	8	static
C:/nxp/GUI-Guider-Projects/RT700_watch466/sdk/vscode/startup/startup_MIMXRT798S_cm33_core0.c:1339:11:EDMA0_CH9_IRQHandler	8	static
C:/nxp/GUI-Guider-Projects/RT700_watch466/sdk/vscode/startup/startup_MIMXRT798S_cm33_core0.c:1344:11:EDMA0_CH10_IRQHandler	8	static
C:/nxp/GUI-Guider-Projects/RT700_watch466/sdk/vscode/startup/startup_MIMXRT798S_cm33_core0.c:1349:11:EDMA0_CH11_IRQHandler	8	static
C:/nxp/GUI-Guider-Projects/RT700_watch466/sdk/vscode/startup/startup_MIMXRT798S_cm33_core0.c:1354:11:EDMA0_CH12_IRQHandler	8	static
C:/nxp/GUI-Guider-Projects/RT700_watch466/sdk/vscode/startup/startup_MIMXRT798S_cm33_core0.c:1359:11:EDMA0_CH13_IRQHandler	8	static
C:/nxp/GUI-Guider-Projects/RT700_watch466/sdk/vscode/startup/startup_MIMXRT798S_cm33_core0.c:1364:11:EDMA0_CH14_IRQHandler	8	static
C:/nxp/GUI-Guider-Projects/RT700_watch466/sdk/vscode/startup/startup_MIMXRT798S_cm33_core0.c:1369:11:EDMA0_CH15_IRQHandler	8	static
C:/nxp/GUI-Guider-Projects/RT700_watch466/sdk/vscode/startup/startup_MIMXRT798S_cm33_core0.c:1374:11:EDMA1_CH0_IRQHandler	8	static
C:/nxp/GUI-Guider-Projects/RT700_watch466/sdk/vscode/startup/startup_MIMXRT798S_cm33_core0.c:1379:11:EDMA1_CH1_IRQHandler	8	static
C:/nxp/GUI-Guider-Projects/RT700_watch466/sdk/vscode/startup/startup_MIMXRT798S_cm33_core0.c:1384:11:EDMA1_CH2_IRQHandler	8	static
C:/nxp/GUI-Guider-Projects/RT700_watch466/sdk/vscode/startup/startup_MIMXRT798S_cm33_core0.c:1389:11:EDMA1_CH3_IRQHandler	8	static
C:/nxp/GUI-Guider-Projects/RT700_watch466/sdk/vscode/startup/startup_MIMXRT798S_cm33_core0.c:1394:11:EDMA1_CH4_IRQHandler	8	static
C:/nxp/GUI-Guider-Projects/RT700_watch466/sdk/vscode/startup/startup_MIMXRT798S_cm33_core0.c:1399:11:EDMA1_CH5_IRQHandler	8	static
C:/nxp/GUI-Guider-Projects/RT700_watch466/sdk/vscode/startup/startup_MIMXRT798S_cm33_core0.c:1404:11:EDMA1_CH6_IRQHandler	8	static
C:/nxp/GUI-Guider-Projects/RT700_watch466/sdk/vscode/startup/startup_MIMXRT798S_cm33_core0.c:1409:11:EDMA1_CH7_IRQHandler	8	static
C:/nxp/GUI-Guider-Projects/RT700_watch466/sdk/vscode/startup/startup_MIMXRT798S_cm33_core0.c:1414:11:EDMA1_CH8_IRQHandler	8	static
C:/nxp/GUI-Guider-Projects/RT700_watch466/sdk/vscode/startup/startup_MIMXRT798S_cm33_core0.c:1419:11:EDMA1_CH9_IRQHandler	8	static
C:/nxp/GUI-Guider-Projects/RT700_watch466/sdk/vscode/startup/startup_MIMXRT798S_cm33_core0.c:1424:11:EDMA1_CH10_IRQHandler	8	static
C:/nxp/GUI-Guider-Projects/RT700_watch466/sdk/vscode/startup/startup_MIMXRT798S_cm33_core0.c:1429:11:EDMA1_CH11_IRQHandler	8	static
C:/nxp/GUI-Guider-Projects/RT700_watch466/sdk/vscode/startup/startup_MIMXRT798S_cm33_core0.c:1434:11:EDMA1_CH12_IRQHandler	8	static
C:/nxp/GUI-Guider-Projects/RT700_watch466/sdk/vscode/startup/startup_MIMXRT798S_cm33_core0.c:1439:11:EDMA1_CH13_IRQHandler	8	static
C:/nxp/GUI-Guider-Projects/RT700_watch466/sdk/vscode/startup/startup_MIMXRT798S_cm33_core0.c:1444:11:EDMA1_CH14_IRQHandler	8	static
C:/nxp/GUI-Guider-Projects/RT700_watch466/sdk/vscode/startup/startup_MIMXRT798S_cm33_core0.c:1449:11:EDMA1_CH15_IRQHandler	8	static
C:/nxp/GUI-Guider-Projects/RT700_watch466/sdk/vscode/startup/startup_MIMXRT798S_cm33_core0.c:1454:11:GPIO00_IRQHandler	8	static
C:/nxp/GUI-Guider-Projects/RT700_watch466/sdk/vscode/startup/startup_MIMXRT798S_cm33_core0.c:1459:11:GPIO01_IRQHandler	8	static
C:/nxp/GUI-Guider-Projects/RT700_watch466/sdk/vscode/startup/startup_MIMXRT798S_cm33_core0.c:1464:11:GPIO10_IRQHandler	8	static
C:/nxp/GUI-Guider-Projects/RT700_watch466/sdk/vscode/startup/startup_MIMXRT798S_cm33_core0.c:1469:11:GPIO11_IRQHandler	8	static
C:/nxp/GUI-Guider-Projects/RT700_watch466/sdk/vscode/startup/startup_MIMXRT798S_cm33_core0.c:1474:11:GPIO20_IRQHandler	8	static
C:/nxp/GUI-Guider-Projects/RT700_watch466/sdk/vscode/startup/startup_MIMXRT798S_cm33_core0.c:1479:11:GPIO21_IRQHandler	8	static
C:/nxp/GUI-Guider-Projects/RT700_watch466/sdk/vscode/startup/startup_MIMXRT798S_cm33_core0.c:1484:11:GPIO30_IRQHandler	8	static
C:/nxp/GUI-Guider-Projects/RT700_watch466/sdk/vscode/startup/startup_MIMXRT798S_cm33_core0.c:1489:11:GPIO31_IRQHandler	8	static
C:/nxp/GUI-Guider-Projects/RT700_watch466/sdk/vscode/startup/startup_MIMXRT798S_cm33_core0.c:1494:11:GPIO40_IRQHandler	8	static
C:/nxp/GUI-Guider-Projects/RT700_watch466/sdk/vscode/startup/startup_MIMXRT798S_cm33_core0.c:1499:11:GPIO41_IRQHandler	8	static
C:/nxp/GUI-Guider-Projects/RT700_watch466/sdk/vscode/startup/startup_MIMXRT798S_cm33_core0.c:1504:11:GPIO50_IRQHandler	8	static
C:/nxp/GUI-Guider-Projects/RT700_watch466/sdk/vscode/startup/startup_MIMXRT798S_cm33_core0.c:1509:11:GPIO51_IRQHandler	8	static
C:/nxp/GUI-Guider-Projects/RT700_watch466/sdk/vscode/startup/startup_MIMXRT798S_cm33_core0.c:1514:11:GPIO60_IRQHandler	8	static
C:/nxp/GUI-Guider-Projects/RT700_watch466/sdk/vscode/startup/startup_MIMXRT798S_cm33_core0.c:1519:11:GPIO61_IRQHandler	8	static
C:/nxp/GUI-Guider-Projects/RT700_watch466/sdk/vscode/startup/startup_MIMXRT798S_cm33_core0.c:1524:11:GPIO70_IRQHandler	8	static
C:/nxp/GUI-Guider-Projects/RT700_watch466/sdk/vscode/startup/startup_MIMXRT798S_cm33_core0.c:1529:11:GPIO71_IRQHandler	8	static
C:/nxp/GUI-Guider-Projects/RT700_watch466/sdk/vscode/startup/startup_MIMXRT798S_cm33_core0.c:1534:11:PIN_INT0_IRQHandler	8	static
C:/nxp/GUI-Guider-Projects/RT700_watch466/sdk/vscode/startup/startup_MIMXRT798S_cm33_core0.c:1539:11:PIN_INT1_IRQHandler	8	static
C:/nxp/GUI-Guider-Projects/RT700_watch466/sdk/vscode/startup/startup_MIMXRT798S_cm33_core0.c:1544:11:PIN_INT2_IRQHandler	8	static
C:/nxp/GUI-Guider-Projects/RT700_watch466/sdk/vscode/startup/startup_MIMXRT798S_cm33_core0.c:1549:11:PIN_INT3_IRQHandler	8	static
C:/nxp/GUI-Guider-Projects/RT700_watch466/sdk/vscode/startup/startup_MIMXRT798S_cm33_core0.c:1554:11:PIN_INT4_IRQHandler	8	static
C:/nxp/GUI-Guider-Projects/RT700_watch466/sdk/vscode/startup/startup_MIMXRT798S_cm33_core0.c:1559:11:PIN_INT5_IRQHandler	8	static
C:/nxp/GUI-Guider-Projects/RT700_watch466/sdk/vscode/startup/startup_MIMXRT798S_cm33_core0.c:1564:11:PIN_INT6_IRQHandler	8	static
C:/nxp/GUI-Guider-Projects/RT700_watch466/sdk/vscode/startup/startup_MIMXRT798S_cm33_core0.c:1569:11:PIN_INT7_IRQHandler	8	static
C:/nxp/GUI-Guider-Projects/RT700_watch466/sdk/vscode/startup/startup_MIMXRT798S_cm33_core0.c:1574:11:SAI0_IRQHandler	8	static
C:/nxp/GUI-Guider-Projects/RT700_watch466/sdk/vscode/startup/startup_MIMXRT798S_cm33_core0.c:1579:11:SAI1_IRQHandler	8	static
C:/nxp/GUI-Guider-Projects/RT700_watch466/sdk/vscode/startup/startup_MIMXRT798S_cm33_core0.c:1584:11:SAI2_IRQHandler	8	static
C:/nxp/GUI-Guider-Projects/RT700_watch466/sdk/vscode/startup/startup_MIMXRT798S_cm33_core0.c:1589:11:XSPI0_IRQHandler	8	static
C:/nxp/GUI-Guider-Projects/RT700_watch466/sdk/vscode/startup/startup_MIMXRT798S_cm33_core0.c:1594:11:XSPI1_IRQHandler	8	static
C:/nxp/GUI-Guider-Projects/RT700_watch466/sdk/vscode/startup/startup_MIMXRT798S_cm33_core0.c:1599:11:XSPI2_IRQHandler	8	static
C:/nxp/GUI-Guider-Projects/RT700_watch466/sdk/vscode/startup/startup_MIMXRT798S_cm33_core0.c:1604:11:MMU0_IRQHandler	8	static
C:/nxp/GUI-Guider-Projects/RT700_watch466/sdk/vscode/startup/startup_MIMXRT798S_cm33_core0.c:1609:11:MMU1_IRQHandler	8	static
C:/nxp/GUI-Guider-Projects/RT700_watch466/sdk/vscode/startup/startup_MIMXRT798S_cm33_core0.c:1614:11:MMU2_IRQHandler	8	static
C:/nxp/GUI-Guider-Projects/RT700_watch466/sdk/vscode/startup/startup_MIMXRT798S_cm33_core0.c:1619:11:Freqme_IRQHandler	8	static
C:/nxp/GUI-Guider-Projects/RT700_watch466/sdk/vscode/startup/startup_MIMXRT798S_cm33_core0.c:1624:11:GDET0_IRQHandler	8	static
C:/nxp/GUI-Guider-Projects/RT700_watch466/sdk/vscode/startup/startup_MIMXRT798S_cm33_core0.c:1629:11:Reserved142_IRQHandler	8	static
C:/nxp/GUI-Guider-Projects/RT700_watch466/sdk/vscode/startup/startup_MIMXRT798S_cm33_core0.c:1634:11:Reserved143_IRQHandler	8	static
C:/nxp/GUI-Guider-Projects/RT700_watch466/sdk/vscode/startup/startup_MIMXRT798S_cm33_core0.c:1639:11:GDET3_IRQHandler	8	static
C:/nxp/GUI-Guider-Projects/RT700_watch466/sdk/vscode/startup/startup_MIMXRT798S_cm33_core0.c:1644:11:CDOG0_IRQHandler	8	static
C:/nxp/GUI-Guider-Projects/RT700_watch466/sdk/vscode/startup/startup_MIMXRT798S_cm33_core0.c:1649:11:CDOG1_IRQHandler	8	static
C:/nxp/GUI-Guider-Projects/RT700_watch466/sdk/vscode/startup/startup_MIMXRT798S_cm33_core0.c:1654:11:CDOG2_IRQHandler	8	static
C:/nxp/GUI-Guider-Projects/RT700_watch466/sdk/vscode/startup/startup_MIMXRT798S_cm33_core0.c:1659:11:ITRC0_IRQHandler	8	static
C:/nxp/GUI-Guider-Projects/RT700_watch466/sdk/vscode/startup/startup_MIMXRT798S_cm33_core0.c:1664:11:ELS_IRQHandler	8	static
C:/nxp/GUI-Guider-Projects/RT700_watch466/sdk/vscode/startup/startup_MIMXRT798S_cm33_core0.c:1669:11:PKC_IRQHandler	8	static
C:/nxp/GUI-Guider-Projects/RT700_watch466/sdk/vscode/startup/startup_MIMXRT798S_cm33_core0.c:1674:11:OSCCA_IRQHandler	8	static
C:/nxp/GUI-Guider-Projects/RT700_watch466/sdk/vscode/startup/startup_MIMXRT798S_cm33_core0.c:1679:11:SLEEPCON0_IRQHandler	8	static
C:/nxp/GUI-Guider-Projects/RT700_watch466/sdk/vscode/startup/startup_MIMXRT798S_cm33_core0.c:1684:11:CPU0_IRQHandler	8	static
C:/nxp/GUI-Guider-Projects/RT700_watch466/sdk/vscode/startup/startup_MIMXRT798S_cm33_core0.c:1689:11:PMC_IRQHandler	8	static
C:/nxp/GUI-Guider-Projects/RT700_watch466/sdk/vscode/startup/startup_MIMXRT798S_cm33_core0.c:1694:11:JPEGDEC_IRQHandler	8	static
C:/nxp/GUI-Guider-Projects/RT700_watch466/sdk/vscode/startup/startup_MIMXRT798S_cm33_core0.c:1699:11:PNGDEC_IRQHandler	8	static
C:/nxp/GUI-Guider-Projects/RT700_watch466/sdk/vscode/startup/startup_MIMXRT798S_cm33_core0.c:1704:11:NPU_IRQHandler	8	static
C:/nxp/GUI-Guider-Projects/RT700_watch466/sdk/vscode/startup/startup_MIMXRT798S_cm33_core0.c:1709:11:TRNG_IRQHandler	8	static
C:/nxp/GUI-Guider-Projects/RT700_watch466/sdk/vscode/startup/startup_MIMXRT798S_cm33_core0.c:1714:11:TEMPDET0_IRQHandler	8	static
C:/nxp/GUI-Guider-Projects/RT700_watch466/sdk/vscode/startup/startup_MIMXRT798S_cm33_core0.c:1719:11:TEMPDET1_IRQHandler	8	static
C:/nxp/GUI-Guider-Projects/RT700_watch466/sdk/vscode/startup/startup_MIMXRT798S_cm33_core0.c:1724:11:EZHV_IRQHandler	8	static
C:/nxp/GUI-Guider-Projects/RT700_watch466/sdk/vscode/startup/startup_MIMXRT798S_cm33_core0.c:1729:11:GLIKEY0_IRQHandler	8	static
C:/nxp/GUI-Guider-Projects/RT700_watch466/sdk/vscode/startup/startup_MIMXRT798S_cm33_core0.c:1734:11:GLIKEY2_IRQHandler	8	static
C:/nxp/GUI-Guider-Projects/RT700_watch466/sdk/vscode/startup/startup_MIMXRT798S_cm33_core0.c:1739:11:GLIKEY3_IRQHandler	8	static
C:/nxp/GUI-Guider-Projects/RT700_watch466/sdk/vscode/startup/startup_MIMXRT798S_cm33_core0.c:1744:11:GLIKEY5_IRQHandler	8	static
C:/nxp/GUI-Guider-Projects/RT700_watch466/sdk/vscode/startup/startup_MIMXRT798S_cm33_core0.c:1749:11:PVTS0_CPU0_IRQHandler	8	static
C:/nxp/GUI-Guider-Projects/RT700_watch466/sdk/vscode/startup/startup_MIMXRT798S_cm33_core0.c:1754:11:Reserved167_IRQHandler	8	static
C:/nxp/GUI-Guider-Projects/RT700_watch466/sdk/vscode/startup/startup_MIMXRT798S_cm33_core0.c:1759:11:PVTS0_HIFI4_IRQHandler	8	static
C:/nxp/GUI-Guider-Projects/RT700_watch466/sdk/vscode/startup/startup_MIMXRT798S_cm33_core0.c:1764:11:Reserved169_IRQHandler	8	static
C:/nxp/GUI-Guider-Projects/RT700_watch466/sdk/vscode/startup/startup_MIMXRT798S_cm33_core0.c:1769:11:FRO0_IRQHandler	8	static
C:/nxp/GUI-Guider-Projects/RT700_watch466/sdk/vscode/startup/startup_MIMXRT798S_cm33_core0.c:1774:11:FRO1_IRQHandler	8	static
C:/nxp/GUI-Guider-Projects/RT700_watch466/sdk/vscode/startup/startup_MIMXRT798S_cm33_core0.c:1779:11:FRO2_IRQHandler	8	static
C:/nxp/GUI-Guider-Projects/RT700_watch466/sdk/vscode/startup/startup_MIMXRT798S_cm33_core0.c:1784:11:OCOTP_IRQHandler	8	static
